[    0.000000] kernel: Linux version 6.11.0-24-generic (buildd@lcy02-amd64-034) (x86_64-linux-gnu-gcc-13 (Ubuntu 13.3.0-6ubuntu2~24.04) 13.3.0, GNU ld (GNU Binutils for Ubuntu) 2.42) #24~24.04.1-Ubuntu SMP PREEMPT_DYNAMIC Tue Mar 25 20:14:34 UTC 2 (Ubuntu 6.11.0-24.24~24.04.1-generic 6.11.11)
[    0.000000] kernel: Command line: BOOT_IMAGE=/boot/vmlinuz-6.11.0-24-generic root=UUID=bc65c439-8ea0-40b2-a086-8d01cedf9bbe ro quiet splash
[    0.000000] kernel: KERNEL supported cpus:
[    0.000000] kernel:   Intel GenuineIntel
[    0.000000] kernel:   AMD AuthenticAMD
[    0.000000] kernel:   Hygon HygonGenuine
[    0.000000] kernel:   Centaur CentaurHauls
[    0.000000] kernel:   zhaoxin   Shanghai  
[    0.000000] kernel: BIOS-provided physical RAM map:
[    0.000000] kernel: BIOS-e820: [mem 0x0000000000000000-0x000000000009fbff] usable
[    0.000000] kernel: BIOS-e820: [mem 0x000000000009fc00-0x000000000009ffff] reserved
[    0.000000] kernel: BIOS-e820: [mem 0x00000000000f0000-0x00000000000fffff] reserved
[    0.000000] kernel: BIOS-e820: [mem 0x0000000000100000-0x000000007ffeffff] usable
[    0.000000] kernel: BIOS-e820: [mem 0x000000007fff0000-0x000000007fffffff] ACPI data
[    0.000000] kernel: BIOS-e820: [mem 0x00000000fec00000-0x00000000fec00fff] reserved
[    0.000000] kernel: BIOS-e820: [mem 0x00000000fee00000-0x00000000fee00fff] reserved
[    0.000000] kernel: BIOS-e820: [mem 0x00000000fffc0000-0x00000000ffffffff] reserved
[    0.000000] kernel: NX (Execute Disable) protection: active
[    0.000000] kernel: APIC: Static calls initialized
[    0.000000] kernel: SMBIOS 2.5 present.
[    0.000000] kernel: DMI: innotek GmbH VirtualBox/VirtualBox, BIOS VirtualBox 12/01/2006
[    0.000000] kernel: DMI: Memory slots populated: 0/0
[    0.000000] kernel: Hypervisor detected: KVM
[    0.000000] kernel: kvm-clock: Using msrs 4b564d01 and 4b564d00
[    0.000004] kernel: kvm-clock: using sched offset of 10015295161 cycles
[    0.000008] kernel: clocksource: kvm-clock: mask: 0xffffffffffffffff max_cycles: 0x1cd42e4dffb, max_idle_ns: 881590591483 ns
[    0.000012] kernel: tsc: Detected 2688.000 MHz processor
[    0.002251] kernel: e820: update [mem 0x00000000-0x00000fff] usable ==> reserved
[    0.002256] kernel: e820: remove [mem 0x000a0000-0x000fffff] usable
[    0.002262] kernel: last_pfn = 0x80000 max_arch_pfn = 0x400000000
[    0.002287] kernel: MTRR map: 3 entries (3 fixed + 0 variable; max 19), built from 8 variable MTRRs
[    0.002290] kernel: x86/PAT: Configuration [0-7]: WB  WC  UC- UC  WB  WP  UC- WT  
[    0.002326] kernel: CPU MTRRs all blank - virtualized system.
[    0.016196] kernel: found SMP MP-table at [mem 0x0009fbf0-0x0009fbff]
[    0.016369] kernel: RAMDISK: [mem 0x2fd83000-0x33eb8fff]
[    0.016756] kernel: ACPI: Early table checksum verification disabled
[    0.016761] kernel: ACPI: RSDP 0x00000000000E0000 000024 (v02 VBOX  )
[    0.016766] kernel: ACPI: XSDT 0x000000007FFF0030 00003C (v01 VBOX   VBOXXSDT 00000001 ASL  00000061)
[    0.016772] kernel: ACPI: FACP 0x000000007FFF00F0 0000F4 (v04 VBOX   VBOXFACP 00000001 ASL  00000061)
[    0.016778] kernel: ACPI: DSDT 0x000000007FFF0610 002353 (v02 VBOX   VBOXBIOS 00000002 INTL 20100528)
[    0.016782] kernel: ACPI: FACS 0x000000007FFF0200 000040
[    0.016785] kernel: ACPI: FACS 0x000000007FFF0200 000040
[    0.016788] kernel: ACPI: APIC 0x000000007FFF0240 000054 (v02 VBOX   VBOXAPIC 00000001 ASL  00000061)
[    0.016791] kernel: ACPI: SSDT 0x000000007FFF02A0 00036C (v01 VBOX   VBOXCPUT 00000002 INTL 20100528)
[    0.016794] kernel: ACPI: Reserving FACP table memory at [mem 0x7fff00f0-0x7fff01e3]
[    0.016795] kernel: ACPI: Reserving DSDT table memory at [mem 0x7fff0610-0x7fff2962]
[    0.016796] kernel: ACPI: Reserving FACS table memory at [mem 0x7fff0200-0x7fff023f]
[    0.016796] kernel: ACPI: Reserving FACS table memory at [mem 0x7fff0200-0x7fff023f]
[    0.016797] kernel: ACPI: Reserving APIC table memory at [mem 0x7fff0240-0x7fff0293]
[    0.016798] kernel: ACPI: Reserving SSDT table memory at [mem 0x7fff02a0-0x7fff060b]
[    0.017928] kernel: No NUMA configuration found
[    0.017930] kernel: Faking a node at [mem 0x0000000000000000-0x000000007fffffff]
[    0.017937] kernel: NODE_DATA(0) allocated [mem 0x7ffc5000-0x7ffeffff]
[    0.018080] kernel: Zone ranges:
[    0.018081] kernel:   DMA      [mem 0x0000000000001000-0x0000000000ffffff]
[    0.018083] kernel:   DMA32    [mem 0x0000000001000000-0x000000007fffffff]
[    0.018084] kernel:   Normal   empty
[    0.018085] kernel:   Device   empty
[    0.018086] kernel: Movable zone start for each node
[    0.018088] kernel: Early memory node ranges
[    0.018088] kernel:   node   0: [mem 0x0000000000001000-0x000000000009efff]
[    0.018090] kernel:   node   0: [mem 0x0000000000100000-0x000000007ffeffff]
[    0.018091] kernel: Initmem setup node 0 [mem 0x0000000000001000-0x000000007ffeffff]
[    0.018096] kernel: On node 0, zone DMA: 1 pages in unavailable ranges
[    0.018115] kernel: On node 0, zone DMA: 97 pages in unavailable ranges
[    0.021150] kernel: On node 0, zone DMA32: 16 pages in unavailable ranges
[    0.023093] kernel: ACPI: PM-Timer IO Port: 0x4008
[    0.023430] kernel: IOAPIC[0]: apic_id 1, version 32, address 0xfec00000, GSI 0-23
[    0.023435] kernel: ACPI: INT_SRC_OVR (bus 0 bus_irq 0 global_irq 2 dfl dfl)
[    0.023438] kernel: ACPI: INT_SRC_OVR (bus 0 bus_irq 9 global_irq 9 low level)
[    0.023443] kernel: ACPI: Using ACPI (MADT) for SMP configuration information
[    0.023449] kernel: CPU topo: Max. logical packages:   1
[    0.023450] kernel: CPU topo: Max. logical dies:       1
[    0.023450] kernel: CPU topo: Max. dies per package:   1
[    0.023460] kernel: CPU topo: Max. threads per core:   1
[    0.023461] kernel: CPU topo: Num. cores per package:     1
[    0.023461] kernel: CPU topo: Num. threads per package:   1
[    0.023462] kernel: CPU topo: Allowing 1 present CPUs plus 0 hotplug CPUs
[    0.023639] kernel: PM: hibernation: Registered nosave memory: [mem 0x00000000-0x00000fff]
[    0.023642] kernel: PM: hibernation: Registered nosave memory: [mem 0x0009f000-0x0009ffff]
[    0.023642] kernel: PM: hibernation: Registered nosave memory: [mem 0x000a0000-0x000effff]
[    0.023643] kernel: PM: hibernation: Registered nosave memory: [mem 0x000f0000-0x000fffff]
[    0.023644] kernel: PM: hibernation: Registered nosave memory: [mem 0x7fff0000-0x7fffffff]
[    0.023646] kernel: [mem 0x80000000-0xfebfffff] available for PCI devices
[    0.023647] kernel: Booting paravirtualized kernel on KVM
[    0.023649] kernel: clocksource: refined-jiffies: mask: 0xffffffff max_cycles: 0xffffffff, max_idle_ns: 1910969940391419 ns
[    0.023656] kernel: setup_percpu: NR_CPUS:8192 nr_cpumask_bits:1 nr_cpu_ids:1 nr_node_ids:1
[    0.025908] kernel: percpu: Embedded 88 pages/cpu s237568 r8192 d114688 u2097152
[    0.025916] kernel: pcpu-alloc: s237568 r8192 d114688 u2097152 alloc=1*2097152
[    0.025919] kernel: pcpu-alloc: [0] 0 
[    0.026064] kernel: kvm-guest: PV spinlocks disabled, single CPU
[    0.026068] kernel: Kernel command line: BOOT_IMAGE=/boot/vmlinuz-6.11.0-24-generic root=UUID=bc65c439-8ea0-40b2-a086-8d01cedf9bbe ro quiet splash
[    0.027016] kernel: Unknown kernel command line parameters "splash BOOT_IMAGE=/boot/vmlinuz-6.11.0-24-generic", will be passed to user space.
[    0.027051] kernel: random: crng init done
[    0.034172] kernel: Dentry cache hash table entries: 262144 (order: 9, 2097152 bytes, linear)
[    0.034395] kernel: Inode-cache hash table entries: 131072 (order: 8, 1048576 bytes, linear)
[    0.034441] kernel: Fallback order for Node 0: 0 
[    0.034445] kernel: Built 1 zonelists, mobility grouping on.  Total pages: 524174
[    0.034446] kernel: Policy zone: DMA32
[    0.034455] kernel: mem auto-init: stack:all(zero), heap alloc:on, heap free:off
[    0.038854] kernel: SLUB: HWalign=64, Order=0-3, MinObjects=0, CPUs=1, Nodes=1
[    0.038886] kernel: ftrace: allocating 59224 entries in 232 pages
[    0.049091] kernel: ftrace: allocated 232 pages with 4 groups
[    0.050325] kernel: Dynamic Preempt: voluntary
[    0.050400] kernel: rcu: Preemptible hierarchical RCU implementation.
[    0.050402] kernel: rcu:         RCU restricting CPUs from NR_CPUS=8192 to nr_cpu_ids=1.
[    0.050404] kernel:         Trampoline variant of Tasks RCU enabled.
[    0.050404] kernel:         Rude variant of Tasks RCU enabled.
[    0.050405] kernel:         Tracing variant of Tasks RCU enabled.
[    0.050405] kernel: rcu: RCU calculated value of scheduler-enlistment delay is 100 jiffies.
[    0.050406] kernel: rcu: Adjusting geometry for rcu_fanout_leaf=16, nr_cpu_ids=1
[    0.050415] kernel: RCU Tasks: Setting shift to 0 and lim to 1 rcu_task_cb_adjust=1 rcu_task_cpu_ids=1.
[    0.050417] kernel: RCU Tasks Rude: Setting shift to 0 and lim to 1 rcu_task_cb_adjust=1 rcu_task_cpu_ids=1.
[    0.050418] kernel: RCU Tasks Trace: Setting shift to 0 and lim to 1 rcu_task_cb_adjust=1 rcu_task_cpu_ids=1.
[    0.053306] kernel: NR_IRQS: 524544, nr_irqs: 256, preallocated irqs: 16
[    0.054411] kernel: rcu: srcu_init: Setting srcu_struct sizes based on contention.
[    0.107369] kernel: Console: colour VGA+ 80x25
[    0.107377] kernel: printk: legacy console [tty0] enabled
[    0.107444] kernel: ACPI: Core revision 20240322
[    0.109000] kernel: APIC: Switch to symmetric I/O mode setup
[    0.122802] kernel: ..TIMER: vector=0x30 apic1=0 pin1=2 apic2=-1 pin2=-1
[    0.123117] kernel: clocksource: tsc-early: mask: 0xffffffffffffffff max_cycles: 0x26bef67878b, max_idle_ns: 440795293631 ns
[    0.123126] kernel: Calibrating delay loop (skipped) preset value.. 5376.00 BogoMIPS (lpj=2688000)
[    0.125886] kernel: Last level iTLB entries: 4KB 0, 2MB 0, 4MB 0
[    0.125900] kernel: Last level dTLB entries: 4KB 0, 2MB 0, 4MB 0, 1GB 0
[    0.125907] kernel: Spectre V1 : Mitigation: usercopy/swapgs barriers and __user pointer sanitization
[    0.125910] kernel: Spectre V2 : Spectre BHI mitigation: SW BHB clearing on syscall and VM exit
[    0.125911] kernel: Spectre V2 : Mitigation: Enhanced / Automatic IBRS
[    0.125912] kernel: Spectre V2 : Spectre v2 / SpectreRSB mitigation: Filling RSB on context switch
[    0.125913] kernel: Spectre V2 : Spectre v2 / PBRSB-eIBRS: Retire a single CALL on VMEXIT
[    0.125913] kernel: RETBleed: Mitigation: Enhanced IBRS
[    0.125914] kernel: Speculative Store Bypass: Vulnerable
[    0.125917] kernel: x86/fpu: x87 FPU will use FXSAVE
[    0.131121] kernel: Freeing SMP alternatives memory: 48K
[    0.131121] kernel: pid_max: default: 32768 minimum: 301
[    0.131121] kernel: LSM: initializing lsm=lockdown,capability,landlock,yama,apparmor,ima,evm
[    0.131121] kernel: landlock: Up and running.
[    0.131121] kernel: Yama: becoming mindful.
[    0.131121] kernel: AppArmor: AppArmor initialized
[    0.131121] kernel: Mount-cache hash table entries: 4096 (order: 3, 32768 bytes, linear)
[    0.131121] kernel: Mountpoint-cache hash table entries: 4096 (order: 3, 32768 bytes, linear)
[    0.232127] kernel: APIC calibration not consistent with PM-Timer: 122ms instead of 100ms
[    0.232133] kernel: APIC delta adjusted to PM-Timer: 6298420 (7686327)
[    0.232543] kernel: smpboot: CPU0: 11th Gen Intel(R) Core(TM) i5-11400H @ 2.70GHz (family: 0x6, model: 0x8d, stepping: 0x1)
[    0.232771] kernel: Performance Events: unsupported p6 CPU model 141 no PMU driver, software events only.
[    0.232794] kernel: signal: max sigframe size: 1440
[    0.232860] kernel: rcu: Hierarchical SRCU implementation.
[    0.232862] kernel: rcu:         Max phase no-delay instances is 400.
[    0.233115] kernel: NMI watchdog: Perf NMI watchdog permanently disabled
[    0.233121] kernel: smp: Bringing up secondary CPUs ...
[    0.233121] kernel: smp: Brought up 1 node, 1 CPU
[    0.233121] kernel: smpboot: Total of 1 processors activated (5376.00 BogoMIPS)
[    0.233121] kernel: Memory: 1934404K/2096696K available (22528K kernel code, 4520K rwdata, 14916K rodata, 5104K init, 4520K bss, 157104K reserved, 0K cma-reserved)
[    0.233121] kernel: devtmpfs: initialized
[    0.233121] kernel: x86/mm: Memory block size: 128MB
[    0.233121] kernel: clocksource: jiffies: mask: 0xffffffff max_cycles: 0xffffffff, max_idle_ns: 1911260446275000 ns
[    0.233121] kernel: futex hash table entries: 256 (order: 2, 16384 bytes, linear)
[    0.233121] kernel: pinctrl core: initialized pinctrl subsystem
[    0.233130] kernel: PM: RTC time: 11:49:21, date: 2025-04-30
[    0.233577] kernel: NET: Registered PF_NETLINK/PF_ROUTE protocol family
[    0.233720] kernel: DMA: preallocated 256 KiB GFP_KERNEL pool for atomic allocations
[    0.233767] kernel: DMA: preallocated 256 KiB GFP_KERNEL|GFP_DMA pool for atomic allocations
[    0.233785] kernel: DMA: preallocated 256 KiB GFP_KERNEL|GFP_DMA32 pool for atomic allocations
[    0.233808] kernel: audit: initializing netlink subsys (disabled)
[    0.233843] kernel: audit: type=2000 audit(1746013773.031:1): state=initialized audit_enabled=0 res=1
[    0.233952] kernel: thermal_sys: Registered thermal governor 'fair_share'
[    0.233953] kernel: thermal_sys: Registered thermal governor 'bang_bang'
[    0.233955] kernel: thermal_sys: Registered thermal governor 'step_wise'
[    0.233956] kernel: thermal_sys: Registered thermal governor 'user_space'
[    0.233957] kernel: thermal_sys: Registered thermal governor 'power_allocator'
[    0.233965] kernel: EISA bus registered
[    0.233975] kernel: cpuidle: using governor ladder
[    0.233978] kernel: cpuidle: using governor menu
[    0.234243] kernel: acpiphp: ACPI Hot Plug PCI Controller Driver version: 0.5
[    0.234588] kernel: PCI: Using configuration type 1 for base access
[    0.234739] kernel: kprobes: kprobe jump-optimization is enabled. All kprobes are optimized if possible.
[    0.238121] kernel: HugeTLB: registered 2.00 MiB page size, pre-allocated 0 pages
[    0.238121] kernel: HugeTLB: 28 KiB vmemmap can be freed for a 2.00 MiB page
[    0.238121] kernel: ACPI: Added _OSI(Module Device)
[    0.238121] kernel: ACPI: Added _OSI(Processor Device)
[    0.238121] kernel: ACPI: Added _OSI(3.0 _SCP Extensions)
[    0.238121] kernel: ACPI: Added _OSI(Processor Aggregator Device)
[    0.238888] kernel: ACPI: 2 ACPI AML tables successfully acquired and loaded
[    0.242542] kernel: ACPI: Interpreter enabled
[    0.242554] kernel: ACPI: PM: (supports S0 S5)
[    0.242555] kernel: ACPI: Using IOAPIC for interrupt routing
[    0.243327] kernel: PCI: Using host bridge windows from ACPI; if necessary, use "pci=nocrs" and report a bug
[    0.243329] kernel: PCI: Using E820 reservations for host bridge windows
[    0.243434] kernel: ACPI: Enabled 2 GPEs in block 00 to 07
[    0.256601] kernel: ACPI: PCI Root Bridge [PCI0] (domain 0000 [bus 00-ff])
[    0.256609] kernel: acpi PNP0A03:00: _OSC: OS supports [ASPM ClockPM Segments MSI EDR HPX-Type3]
[    0.256611] kernel: acpi PNP0A03:00: _OSC: not requesting OS control; OS requires [ExtendedConfig ASPM ClockPM MSI]
[    0.257626] kernel: acpi PNP0A03:00: fail to add MMCONFIG information, can't access extended configuration space under this bridge
[    0.258512] kernel: PCI host bridge to bus 0000:00
[    0.258514] kernel: pci_bus 0000:00: root bus resource [io  0x0000-0x0cf7 window]
[    0.258516] kernel: pci_bus 0000:00: root bus resource [io  0x0d00-0xffff window]
[    0.258517] kernel: pci_bus 0000:00: root bus resource [mem 0x000a0000-0x000bffff window]
[    0.258518] kernel: pci_bus 0000:00: root bus resource [mem 0x80000000-0xfdffffff window]
[    0.258519] kernel: pci_bus 0000:00: root bus resource [bus 00-ff]
[    0.259208] kernel: pci 0000:00:00.0: [8086:1237] type 00 class 0x060000 conventional PCI endpoint
[    0.261310] kernel: pci 0000:00:01.0: [8086:7000] type 00 class 0x060100 conventional PCI endpoint
[    0.263410] kernel: pci 0000:00:01.1: [8086:7111] type 00 class 0x01018a conventional PCI endpoint
[    0.265124] kernel: pci 0000:00:01.1: BAR 4 [io  0xd000-0xd00f]
[    0.265238] kernel: pci 0000:00:01.1: BAR 0 [io  0x01f0-0x01f7]: legacy IDE quirk
[    0.265239] kernel: pci 0000:00:01.1: BAR 1 [io  0x03f6]: legacy IDE quirk
[    0.265240] kernel: pci 0000:00:01.1: BAR 2 [io  0x0170-0x0177]: legacy IDE quirk
[    0.265241] kernel: pci 0000:00:01.1: BAR 3 [io  0x0376]: legacy IDE quirk
[    0.265695] kernel: pci 0000:00:02.0: [80ee:beef] type 00 class 0x030000 conventional PCI endpoint
[    0.269147] kernel: pci 0000:00:02.0: BAR 0 [mem 0xe0000000-0xe7ffffff pref]
[    0.269404] kernel: pci 0000:00:02.0: Video device with shadowed ROM at [mem 0x000c0000-0x000dffff]
[    0.270284] kernel: pci 0000:00:03.0: [8086:100e] type 00 class 0x020000 conventional PCI endpoint
[    0.271558] kernel: pci 0000:00:03.0: BAR 0 [mem 0xf0000000-0xf001ffff]
[    0.271611] kernel: pci 0000:00:03.0: BAR 2 [io  0xd010-0xd017]
[    0.273506] kernel: pci 0000:00:04.0: [80ee:cafe] type 00 class 0x088000 conventional PCI endpoint
[    0.276154] kernel: pci 0000:00:04.0: BAR 0 [io  0xd020-0xd03f]
[    0.276186] kernel: pci 0000:00:04.0: BAR 1 [mem 0xf0400000-0xf07fffff]
[    0.276216] kernel: pci 0000:00:04.0: BAR 2 [mem 0xf0800000-0xf0803fff pref]
[    0.277153] kernel: pci 0000:00:05.0: [8086:2415] type 00 class 0x040100 conventional PCI endpoint
[    0.279153] kernel: pci 0000:00:05.0: BAR 0 [io  0xd100-0xd1ff]
[    0.279185] kernel: pci 0000:00:05.0: BAR 1 [io  0xd200-0xd23f]
[    0.280287] kernel: pci 0000:00:06.0: [106b:003f] type 00 class 0x0c0310 conventional PCI endpoint
[    0.281702] kernel: pci 0000:00:06.0: BAR 0 [mem 0xf0804000-0xf0804fff]
[    0.283201] kernel: pci 0000:00:07.0: [8086:7113] type 00 class 0x068000 conventional PCI endpoint
[    0.284711] kernel: pci 0000:00:07.0: quirk: [io  0x4000-0x403f] claimed by PIIX4 ACPI
[    0.284737] kernel: pci 0000:00:07.0: quirk: [io  0x4100-0x410f] claimed by PIIX4 SMB
[    0.310231] kernel: pci 0000:00:0b.0: [8086:265c] type 00 class 0x0c0320 conventional PCI endpoint
[    0.311579] kernel: pci 0000:00:0b.0: BAR 0 [mem 0xf0805000-0xf0805fff]
[    0.321323] kernel: pci 0000:00:0d.0: [8086:2829] type 00 class 0x010601 conventional PCI endpoint
[    0.322636] kernel: pci 0000:00:0d.0: BAR 0 [io  0xd240-0xd247]
[    0.322662] kernel: pci 0000:00:0d.0: BAR 1 [io  0xd248-0xd24b]
[    0.322687] kernel: pci 0000:00:0d.0: BAR 2 [io  0xd250-0xd257]
[    0.322712] kernel: pci 0000:00:0d.0: BAR 3 [io  0xd258-0xd25b]
[    0.323123] kernel: pci 0000:00:0d.0: BAR 4 [io  0xd260-0xd26f]
[    0.323149] kernel: pci 0000:00:0d.0: BAR 5 [mem 0xf0806000-0xf0807fff]
[    0.436303] kernel: ACPI: PCI: Interrupt link LNKA configured for IRQ 11
[    0.436768] kernel: ACPI: PCI: Interrupt link LNKB configured for IRQ 10
[    0.436957] kernel: ACPI: PCI: Interrupt link LNKC configured for IRQ 9
[    0.437191] kernel: ACPI: PCI: Interrupt link LNKD configured for IRQ 11
[    0.437458] kernel: iommu: Default domain type: Translated
[    0.437460] kernel: iommu: DMA domain TLB invalidation policy: lazy mode
[    0.437585] kernel: SCSI subsystem initialized
[    0.437605] kernel: libata version 3.00 loaded.
[    0.437621] kernel: ACPI: bus type USB registered
[    0.437631] kernel: usbcore: registered new interface driver usbfs
[    0.437635] kernel: usbcore: registered new interface driver hub
[    0.437639] kernel: usbcore: registered new device driver usb
[    0.437654] kernel: pps_core: LinuxPPS API ver. 1 registered
[    0.437654] kernel: pps_core: Software ver. 5.3.6 - Copyright 2005-2007 Rodolfo Giometti <giometti@linux.it>
[    0.437656] kernel: PTP clock support registered
[    0.437693] kernel: EDAC MC: Ver: 3.0.0
[    0.438648] kernel: NetLabel: Initializing
[    0.438650] kernel: NetLabel:  domain hash size = 128
[    0.438651] kernel: NetLabel:  protocols = UNLABELED CIPSOv4 CALIPSO
[    0.438667] kernel: NetLabel:  unlabeled traffic allowed by default
[    0.438706] kernel: mctp: management component transport protocol core
[    0.438707] kernel: NET: Registered PF_MCTP protocol family
[    0.438713] kernel: PCI: Using ACPI for IRQ routing
[    0.438715] kernel: PCI: pci_cache_line_size set to 64 bytes
[    0.439440] kernel: e820: reserve RAM buffer [mem 0x0009fc00-0x0009ffff]
[    0.439443] kernel: e820: reserve RAM buffer [mem 0x7fff0000-0x7fffffff]
[    0.439503] kernel: pci 0000:00:02.0: vgaarb: setting as boot VGA device
[    0.439505] kernel: pci 0000:00:02.0: vgaarb: bridge control possible
[    0.439506] kernel: pci 0000:00:02.0: vgaarb: VGA device added: decodes=io+mem,owns=io+mem,locks=none
[    0.439508] kernel: vgaarb: loaded
[    0.439591] kernel: clocksource: Switched to clocksource kvm-clock
[    0.439710] kernel: VFS: Disk quotas dquot_6.6.0
[    0.439718] kernel: VFS: Dquot-cache hash table entries: 512 (order 0, 4096 bytes)
[    0.439820] kernel: AppArmor: AppArmor Filesystem Enabled
[    0.439834] kernel: pnp: PnP ACPI init
[    0.441258] kernel: pnp: PnP ACPI: found 2 devices
[    0.448798] kernel: clocksource: acpi_pm: mask: 0xffffff max_cycles: 0xffffff, max_idle_ns: 2085701024 ns
[    0.448883] kernel: NET: Registered PF_INET protocol family
[    0.448936] kernel: IP idents hash table entries: 32768 (order: 6, 262144 bytes, linear)
[    0.463063] kernel: tcp_listen_portaddr_hash hash table entries: 1024 (order: 2, 16384 bytes, linear)
[    0.463081] kernel: Table-perturb hash table entries: 65536 (order: 6, 262144 bytes, linear)
[    0.463092] kernel: TCP established hash table entries: 16384 (order: 5, 131072 bytes, linear)
[    0.463129] kernel: TCP bind hash table entries: 16384 (order: 7, 524288 bytes, linear)
[    0.463153] kernel: TCP: Hash tables configured (established 16384 bind 16384)
[    0.463194] kernel: MPTCP token hash table entries: 2048 (order: 3, 49152 bytes, linear)
[    0.463205] kernel: UDP hash table entries: 1024 (order: 3, 32768 bytes, linear)
[    0.463211] kernel: UDP-Lite hash table entries: 1024 (order: 3, 32768 bytes, linear)
[    0.463254] kernel: NET: Registered PF_UNIX/PF_LOCAL protocol family
[    0.463260] kernel: NET: Registered PF_XDP protocol family
[    0.463276] kernel: pci_bus 0000:00: resource 4 [io  0x0000-0x0cf7 window]
[    0.463278] kernel: pci_bus 0000:00: resource 5 [io  0x0d00-0xffff window]
[    0.463279] kernel: pci_bus 0000:00: resource 6 [mem 0x000a0000-0x000bffff window]
[    0.463280] kernel: pci_bus 0000:00: resource 7 [mem 0x80000000-0xfdffffff window]
[    0.463680] kernel: pci 0000:00:00.0: Limiting direct PCI/PCI transfers
[    0.468486] kernel: PCI: CLS 0 bytes, default 64
[    0.469457] kernel: Trying to unpack rootfs image as initramfs...
[    0.470698] kernel: clocksource: tsc: mask: 0xffffffffffffffff max_cycles: 0x26bef67878b, max_idle_ns: 440795293631 ns
[    0.470718] kernel: clocksource: Switched to clocksource tsc
[    0.470751] kernel: platform rtc_cmos: registered platform RTC device (no PNP device found)
[    0.470997] kernel: Initialise system trusted keyrings
[    0.471005] kernel: Key type blacklist registered
[    0.471042] kernel: workingset: timestamp_bits=36 max_order=19 bucket_order=0
[    0.471048] kernel: zbud: loaded
[    0.471198] kernel: squashfs: version 4.0 (2009/01/31) Phillip Lougher
[    0.471285] kernel: fuse: init (API version 7.40)
[    0.471362] kernel: integrity: Platform Keyring initialized
[    0.471365] kernel: integrity: Machine keyring initialized
[    0.471629] kernel: Key type asymmetric registered
[    0.471629] kernel: Asymmetric key parser 'x509' registered
[    0.471629] kernel: Block layer SCSI generic (bsg) driver version 0.4 loaded (major 243)
[    0.482745] kernel: io scheduler mq-deadline registered
[    0.482991] kernel: shpchp: Standard Hot Plug PCI Controller Driver version: 0.4
[    0.483715] kernel: ACPI: AC: AC Adapter [AC] (on-line)
[    0.483781] kernel: input: Power Button as /devices/LNXSYSTM:00/LNXPWRBN:00/input/input0
[    0.483916] kernel: ACPI: button: Power Button [PWRF]
[    0.483938] kernel: input: Sleep Button as /devices/LNXSYSTM:00/LNXSLPBN:00/input/input1
[    0.484011] kernel: ACPI: button: Sleep Button [SLPF]
[    0.484194] kernel: Serial: 8250/16550 driver, 32 ports, IRQ sharing enabled
[    0.485552] kernel: Linux agpgart interface v0.103
[    0.488354] kernel: ACPI: battery: Slot [BAT0] (battery present)
[    0.492419] kernel: loop: module loaded
[    0.492550] kernel: ata_piix 0000:00:01.1: version 2.13
[    0.494022] kernel: scsi host0: ata_piix
[    0.494080] kernel: scsi host1: ata_piix
[    0.494096] kernel: ata1: PATA max UDMA/33 cmd 0x1f0 ctl 0x3f6 bmdma 0xd000 irq 14 lpm-pol 0
[    0.494098] kernel: ata2: PATA max UDMA/33 cmd 0x170 ctl 0x376 bmdma 0xd008 irq 15 lpm-pol 0
[    0.494130] kernel: ACPI: bus type drm_connector registered
[    0.494306] kernel: tun: Universal TUN/TAP device driver, 1.6
[    0.494351] kernel: PPP generic driver version 2.4.2
[    0.499192] kernel: ehci-pci 0000:00:0b.0: EHCI Host Controller
[    0.499201] kernel: ehci-pci 0000:00:0b.0: new USB bus registered, assigned bus number 1
[    0.503313] kernel: ehci-pci 0000:00:0b.0: irq 19, io mem 0xf0805000
[    0.523965] kernel: ehci-pci 0000:00:0b.0: USB 2.0 started, EHCI 1.00
[    0.524057] kernel: usb usb1: New USB device found, idVendor=1d6b, idProduct=0002, bcdDevice= 6.11
[    0.524060] kernel: usb usb1: New USB device strings: Mfr=3, Product=2, SerialNumber=1
[    0.524061] kernel: usb usb1: Product: EHCI Host Controller
[    0.524062] kernel: usb usb1: Manufacturer: Linux 6.11.0-24-generic ehci_hcd
[    0.524063] kernel: usb usb1: SerialNumber: 0000:00:0b.0
[    0.524274] kernel: hub 1-0:1.0: USB hub found
[    0.524283] kernel: hub 1-0:1.0: 12 ports detected
[    0.525171] kernel: ohci-pci 0000:00:06.0: OHCI PCI host controller
[    0.525177] kernel: ohci-pci 0000:00:06.0: new USB bus registered, assigned bus number 2
[    0.525972] kernel: ohci-pci 0000:00:06.0: irq 22, io mem 0xf0804000
[    0.588995] kernel: usb usb2: New USB device found, idVendor=1d6b, idProduct=0001, bcdDevice= 6.11
[    0.589001] kernel: usb usb2: New USB device strings: Mfr=3, Product=2, SerialNumber=1
[    0.589003] kernel: usb usb2: Product: OHCI PCI host controller
[    0.589004] kernel: usb usb2: Manufacturer: Linux 6.11.0-24-generic ohci_hcd
[    0.589005] kernel: usb usb2: SerialNumber: 0000:00:06.0
[    0.589236] kernel: hub 2-0:1.0: USB hub found
[    0.589338] kernel: hub 2-0:1.0: 12 ports detected
[    0.596094] kernel: i8042: PNP: PS/2 Controller [PNP0303:PS2K,PNP0f03:PS2M] at 0x60,0x64 irq 1,12
[    0.605591] kernel: serio: i8042 KBD port at 0x60,0x64 irq 1
[    0.605603] kernel: serio: i8042 AUX port at 0x60,0x64 irq 12
[    0.605888] kernel: mousedev: PS/2 mouse device common for all mice
[    0.609770] kernel: input: AT Translated Set 2 keyboard as /devices/platform/i8042/serio0/input/input2
[    0.611213] kernel: rtc_cmos rtc_cmos: registered as rtc0
[    0.611680] kernel: rtc_cmos rtc_cmos: setting system clock to 2025-04-30T11:49:21 UTC (1746013761)
[    0.611842] kernel: rtc_cmos rtc_cmos: alarms up to one day, 114 bytes nvram
[    0.611854] kernel: i2c_dev: i2c /dev entries driver
[    0.611875] kernel: device-mapper: core: CONFIG_IMA_DISABLE_HTABLE is disabled. Duplicate IMA measurements will not be recorded in the IMA log.
[    0.611932] kernel: device-mapper: uevent: version 1.0.3
[    0.612008] kernel: device-mapper: ioctl: 4.48.0-ioctl (2023-03-01) initialised: dm-devel@lists.linux.dev
[    0.612053] kernel: platform eisa.0: Probing EISA bus 0
[    0.612079] kernel: platform eisa.0: EISA: Cannot allocate resource for mainboard
[    0.612081] kernel: platform eisa.0: Cannot allocate resource for EISA slot 1
[    0.612082] kernel: platform eisa.0: Cannot allocate resource for EISA slot 2
[    0.612083] kernel: platform eisa.0: Cannot allocate resource for EISA slot 3
[    0.612084] kernel: platform eisa.0: Cannot allocate resource for EISA slot 4
[    0.612085] kernel: platform eisa.0: Cannot allocate resource for EISA slot 5
[    0.612086] kernel: platform eisa.0: Cannot allocate resource for EISA slot 6
[    0.612087] kernel: platform eisa.0: Cannot allocate resource for EISA slot 7
[    0.612088] kernel: platform eisa.0: Cannot allocate resource for EISA slot 8
[    0.612088] kernel: platform eisa.0: EISA: Detected 0 cards
[    0.612091] kernel: intel_pstate: CPU model not supported
[    0.612102] kernel: ledtrig-cpu: registered to indicate activity on CPUs
[    0.612203] kernel: drop_monitor: Initializing network drop monitor service
[    0.612297] kernel: NET: Registered PF_INET6 protocol family
[    0.697732] kernel: ata2.00: ATAPI: VBOX CD-ROM, 1.0, max UDMA/133
[    0.711264] kernel: scsi 1:0:0:0: CD-ROM            VBOX     CD-ROM           1.0  PQ: 0 ANSI: 5
[    0.713891] kernel: sr 1:0:0:0: [sr0] scsi3-mmc drive: 32x/32x xa/form2 tray
[    0.713896] kernel: cdrom: Uniform CD-ROM driver Revision: 3.20
[    0.742267] kernel: sr 1:0:0:0: Attached scsi CD-ROM sr0
[    0.742980] kernel: sr 1:0:0:0: Attached scsi generic sg0 type 5
[    0.898599] kernel: Freeing initrd memory: 66776K
[    0.914563] kernel: Segment Routing with IPv6
[    0.914563] kernel: In-situ OAM (IOAM) with IPv6
[    0.914563] kernel: NET: Registered PF_PACKET protocol family
[    0.914563] kernel: Key type dns_resolver registered
[    0.915491] kernel: IPI shorthand broadcast: enabled
[    0.917426] kernel: sched_clock: Marking stable (849037153, 67511438)->(948217613, -31669022)
[    0.917529] kernel: registered taskstats version 1
[    0.917767] kernel: Loading compiled-in X.509 certificates
[    0.918316] kernel: Loaded X.509 cert 'Build time autogenerated kernel key: f522ba7a60e7ef6cc5539b0741475d115bf36367'
[    0.918676] kernel: Loaded X.509 cert 'Canonical Ltd. Live Patch Signing: 14df34d1a87cf37625abec039ef2bf521249b969'
[    0.919045] kernel: Loaded X.509 cert 'Canonical Ltd. Kernel Module Signing: 88f752e560a1e0737e31163a466ad7b70a850c19'
[    0.919046] kernel: blacklist: Loading compiled-in revocation X.509 certificates
[    0.919062] kernel: Loaded X.509 cert 'Canonical Ltd. Secure Boot Signing: 61482aa2830d0ab2ad5af10b7250da9033ddcef0'
[    0.919076] kernel: Loaded X.509 cert 'Canonical Ltd. Secure Boot Signing (2017): 242ade75ac4a15e50d50c84b0d45ff3eae707a03'
[    0.919089] kernel: Loaded X.509 cert 'Canonical Ltd. Secure Boot Signing (ESM 2018): 365188c1d374d6b07c3c8f240f8ef722433d6a8b'
[    0.919099] kernel: Loaded X.509 cert 'Canonical Ltd. Secure Boot Signing (2019): c0746fd6c5da3ae827864651ad66ae47fe24b3e8'
[    0.919108] kernel: Loaded X.509 cert 'Canonical Ltd. Secure Boot Signing (2021 v1): a8d54bbb3825cfb94fa13c9f8a594a195c107b8d'
[    0.919117] kernel: Loaded X.509 cert 'Canonical Ltd. Secure Boot Signing (2021 v2): 4cf046892d6fd3c9a5b03f98d845f90851dc6a8c'
[    0.919126] kernel: Loaded X.509 cert 'Canonical Ltd. Secure Boot Signing (2021 v3): 100437bb6de6e469b581e61cd66bce3ef4ed53af'
[    0.919140] kernel: Loaded X.509 cert 'Canonical Ltd. Secure Boot Signing (Ubuntu Core 2019): c1d57b8f6b743f23ee41f4f7ee292f06eecadfb9'
[    0.925546] kernel: Demotion targets for Node 0: null
[    0.925650] kernel: Key type .fscrypt registered
[    0.925652] kernel: Key type fscrypt-provisioning registered
[    0.941744] kernel: usb 2-1: new full-speed USB device number 2 using ohci-pci
[    0.974524] kernel: Key type encrypted registered
[    0.974533] kernel: AppArmor: AppArmor sha256 policy hashing enabled
[    0.974545] kernel: ima: No TPM chip found, activating TPM-bypass!
[    0.974552] kernel: Loading compiled-in module X.509 certificates
[    0.975121] kernel: Loaded X.509 cert 'Build time autogenerated kernel key: f522ba7a60e7ef6cc5539b0741475d115bf36367'
[    0.975131] kernel: ima: Allocated hash algorithm: sha256
[    0.975147] kernel: ima: No architecture policies found
[    0.975176] kernel: evm: Initialising EVM extended attributes:
[    0.975177] kernel: evm: security.selinux
[    0.975178] kernel: evm: security.SMACK64
[    0.975179] kernel: evm: security.SMACK64EXEC
[    0.975179] kernel: evm: security.SMACK64TRANSMUTE
[    0.975180] kernel: evm: security.SMACK64MMAP
[    0.975181] kernel: evm: security.apparmor
[    0.975181] kernel: evm: security.ima
[    0.975182] kernel: evm: security.capability
[    0.975183] kernel: evm: HMAC attrs: 0x1
[    0.975730] kernel: PM:   Magic number: 5:197:834
[    0.981071] kernel: RAS: Correctable Errors collector initialized.
[    1.002647] kernel: clk: Disabling unused clocks
[    1.002652] kernel: PM: genpd: Disabling unused power domains
[    1.004658] kernel: Freeing unused decrypted memory: 2028K
[    1.006019] kernel: Freeing unused kernel image (initmem) memory: 5104K
[    1.006045] kernel: Write protecting the kernel read-only data: 38912k
[    1.006554] kernel: Freeing unused kernel image (rodata/data gap) memory: 1468K
[    1.022097] kernel: x86/mm: Checked W+X mappings: passed, no W+X pages found.
[    1.023652] kernel: Run /init as init process
[    1.023660] kernel:   with arguments:
[    1.023662] kernel:     /init
[    1.023663] kernel:     splash
[    1.023664] kernel:   with environment:
[    1.023665] kernel:     HOME=/
[    1.023666] kernel:     TERM=linux
[    1.023666] kernel:     BOOT_IMAGE=/boot/vmlinuz-6.11.0-24-generic
[    1.236986] kernel: usb 2-1: New USB device found, idVendor=80ee, idProduct=0021, bcdDevice= 1.00
[    1.236996] kernel: usb 2-1: New USB device strings: Mfr=1, Product=3, SerialNumber=0
[    1.236998] kernel: usb 2-1: Product: USB Tablet
[    1.237000] kernel: usb 2-1: Manufacturer: VirtualBox
[    1.347398] kernel: e1000: Intel(R) PRO/1000 Network Driver
[    1.347403] kernel: e1000: Copyright (c) 1999-2006 Intel Corporation.
[    1.386597] kernel: ahci 0000:00:0d.0: version 3.0
[    1.456673] kernel: ahci 0000:00:0d.0: SSS flag set, parallel bus scan disabled
[    1.458342] kernel: ahci 0000:00:0d.0: AHCI vers 0001.0100, 32 command slots, 3 Gbps, SATA mode
[    1.458352] kernel: ahci 0000:00:0d.0: 1/1 ports implemented (port mask 0x1)
[    1.458354] kernel: ahci 0000:00:0d.0: flags: 64bit ncq stag only ccc 
[    1.477259] kernel: hid: raw HID events driver (C) Jiri Kosina
[    1.511474] kernel: scsi host2: ahci
[    1.513690] kernel: ata3: SATA max UDMA/133 abar m8192@0xf0806000 port 0xf0806100 irq 21 lpm-pol 0
[    1.532471] kernel: vboxvideo 0000:00:02.0: vgaarb: deactivate vga console
[    1.551677] kernel: ACPI: video: Video Device [GFX0] (multi-head: yes  rom: no  post: no)
[    1.551781] kernel: input: Video Bus as /devices/LNXSYSTM:00/LNXSYBUS:00/PNP0A03:00/LNXVIDEO:00/input/input4
[    1.572202] kernel: Console: switching to colour dummy device 80x25
[    1.574826] kernel: [drm] VRAM 08000000
[    1.576904] kernel: [drm] Initialized vboxvideo 1.0.0 for 0000:00:02.0 on minor 0
[    1.600502] kernel: usbcore: registered new interface driver usbhid
[    1.600506] kernel: usbhid: USB HID core driver
[    1.608891] kernel: input: ImExPS/2 Generic Explorer Mouse as /devices/platform/i8042/serio1/input/input5
[    1.609291] kernel: fbcon: vboxvideodrmfb (fb0) is primary device
[    1.646925] kernel: vboxvideo 0000:00:02.0: [drm] drm_plane_enable_fb_damage_clips() not called
[    1.646946] kernel: Console: switching to colour frame buffer device 236x58
[    1.649838] kernel: vboxvideo 0000:00:02.0: [drm] fb0: vboxvideodrmfb frame buffer device
[    1.832113] kernel: ata3: SATA link up 3.0 Gbps (SStatus 123 SControl 300)
[    1.832877] kernel: ata3.00: ATA-6: VBOX HARDDISK, 1.0, max UDMA/133
[    1.832881] kernel: ata3.00: 52428800 sectors, multi 128: LBA48 NCQ (depth 32)
[    1.841365] kernel: ata3.00: configured for UDMA/133
[    1.841486] kernel: scsi 2:0:0:0: Direct-Access     ATA      VBOX HARDDISK    1.0  PQ: 0 ANSI: 5
[    1.841649] kernel: scsi 2:0:0:0: Attached scsi generic sg1 type 0
[    1.841836] kernel: sd 2:0:0:0: [sda] 52428800 512-byte logical blocks: (26.8 GB/25.0 GiB)
[    1.841841] kernel: sd 2:0:0:0: [sda] Write Protect is off
[    1.841843] kernel: sd 2:0:0:0: [sda] Mode Sense: 00 3a 00 00
[    1.841848] kernel: sd 2:0:0:0: [sda] Write cache: enabled, read cache: enabled, doesn't support DPO or FUA
[    1.841855] kernel: sd 2:0:0:0: [sda] Preferred minimum I/O size 512 bytes
[    1.904861] kernel:  sda: sda1 sda2
[    1.904989] kernel: sd 2:0:0:0: [sda] Attached SCSI disk
[    1.920495] kernel: input: VirtualBox USB Tablet as /devices/pci0000:00/0000:00:06.0/usb2/2-1/2-1:1.0/0003:80EE:0021.0001/input/input6
[    1.932773] kernel: hid-generic 0003:80EE:0021.0001: input,hidraw0: USB HID v1.10 Mouse [VirtualBox USB Tablet] on usb-0000:00:06.0-1/input0
[    2.410113] kernel: e1000 0000:00:03.0 eth0: (PCI:33MHz:32-bit) 08:00:27:bb:f5:cb
[    2.410130] kernel: e1000 0000:00:03.0 eth0: Intel(R) PRO/1000 Network Connection
[    2.411662] kernel: e1000 0000:00:03.0 enp0s3: renamed from eth0
[    3.214694] kernel: EXT4-fs (sda2): mounted filesystem bc65c439-8ea0-40b2-a086-8d01cedf9bbe ro with ordered data mode. Quota mode: none.
[    3.609568] systemd[1]: Inserted module 'autofs4'
[    3.653038] systemd[1]: systemd 255.4-1ubuntu8.5 running in system mode (+PAM +AUDIT +SELINUX +APPARMOR +IMA +SMACK +SECCOMP +GCRYPT -GNUTLS +OPENSSL +ACL +BLKID +CURL +ELFUTILS +FIDO2 +IDN2 -IDN +IPTC +KMOD +LIBCRYPTSETUP +LIBFDISK +PCRE2 -PWQUALITY +P11KIT +QRENCODE +TPM2 +BZIP2 +LZ4 +XZ +ZLIB +ZSTD -BPF_FRAMEWORK -XKBCOMMON +UTMP +SYSVINIT default-hierarchy=unified)
[    3.653045] systemd[1]: Detected virtualization oracle.
[    3.653177] systemd[1]: Detected architecture x86-64.
[    3.654117] systemd[1]: Invalid DMI field header.
[    3.659910] systemd[1]: Hostname set to <Ubuntu>.
[    4.334338] systemd[1]: Queued start job for default target graphical.target.
[    4.346719] systemd[1]: Created slice system-modprobe.slice - Slice /system/modprobe.
[    4.346916] systemd[1]: Created slice user.slice - User and Session Slice.
[    4.346973] systemd[1]: Started systemd-ask-password-wall.path - Forward Password Requests to Wall Directory Watch.
[    4.347209] systemd[1]: Set up automount proc-sys-fs-binfmt_misc.automount - Arbitrary Executable File Formats File System Automount Point.
[    4.347237] systemd[1]: Reached target integritysetup.target - Local Integrity Protected Volumes.
[    4.347263] systemd[1]: Reached target remote-fs.target - Remote File Systems.
[    4.347271] systemd[1]: Reached target slices.target - Slice Units.
[    4.347281] systemd[1]: Reached target snapd.mounts-pre.target - Mounting snaps.
[    4.347292] systemd[1]: Reached target swap.target - Swaps.
[    4.347306] systemd[1]: Reached target veritysetup.target - Local Verity Protected Volumes.
[    4.347450] systemd[1]: Listening on syslog.socket - Syslog Socket.
[    4.347513] systemd[1]: Listening on systemd-fsckd.socket - fsck to fsckd communication Socket.
[    4.347562] systemd[1]: Listening on systemd-initctl.socket - initctl Compatibility Named Pipe.
[    4.347619] systemd[1]: Listening on systemd-journald-dev-log.socket - Journal Socket (/dev/log).
[    4.347700] systemd[1]: Listening on systemd-journald.socket - Journal Socket.
[    4.347822] systemd[1]: Listening on systemd-oomd.socket - Userspace Out-Of-Memory (OOM) Killer Socket.
[    4.347834] systemd[1]: systemd-pcrextend.socket - TPM2 PCR Extension (Varlink) was skipped because of an unmet condition check (ConditionSecurity=measured-uki).
[    4.347928] systemd[1]: Listening on systemd-udevd-control.socket - udev Control Socket.
[    4.348036] systemd[1]: Listening on systemd-udevd-kernel.socket - udev Kernel Socket.
[    4.350225] systemd[1]: Mounting dev-hugepages.mount - Huge Pages File System...
[    4.363000] systemd[1]: Mounting dev-mqueue.mount - POSIX Message Queue File System...
[    4.372728] systemd[1]: Mounting sys-kernel-debug.mount - Kernel Debug File System...
[    4.390691] systemd[1]: Mounting sys-kernel-tracing.mount - Kernel Trace File System...
[    4.394840] systemd[1]: Starting systemd-journald.service - Journal Service...
[    4.408363] systemd[1]: Starting keyboard-setup.service - Set the console keyboard layout...
[    4.416780] systemd[1]: Starting kmod-static-nodes.service - Create List of Static Device Nodes...
[    4.430432] systemd[1]: Starting modprobe@configfs.service - Load Kernel Module configfs...
[    4.443889] systemd[1]: Starting modprobe@dm_mod.service - Load Kernel Module dm_mod...
[    4.459907] systemd[1]: Starting modprobe@drm.service - Load Kernel Module drm...
[    4.481385] systemd-journald[248]: Collecting audit messages is disabled.
[    4.485630] systemd[1]: Starting modprobe@efi_pstore.service - Load Kernel Module efi_pstore...
[    4.526780] systemd[1]: Starting modprobe@fuse.service - Load Kernel Module fuse...
[    4.543905] systemd[1]: Starting modprobe@loop.service - Load Kernel Module loop...
[    4.544010] systemd[1]: systemd-fsck-root.service - File System Check on Root Device was skipped because of an unmet condition check (ConditionPathExists=!/run/initramfs/fsck-root).
[    4.582887] systemd[1]: Starting systemd-modules-load.service - Load Kernel Modules...
[    4.582916] systemd[1]: systemd-pcrmachine.service - TPM2 PCR Machine ID Measurement was skipped because of an unmet condition check (ConditionSecurity=measured-uki).
[    4.612094] systemd[1]: Starting systemd-remount-fs.service - Remount Root and Kernel File Systems...
[    4.612150] systemd[1]: systemd-tpm2-setup-early.service - TPM2 SRK Setup (Early) was skipped because of an unmet condition check (ConditionSecurity=measured-uki).
[    4.627323] systemd[1]: Starting systemd-udev-trigger.service - Coldplug All udev Devices...
[    4.628251] systemd[1]: Started systemd-journald.service - Journal Service.
[    4.673852] kernel: lp: driver loaded but no devices found
[    4.674376] kernel: EXT4-fs (sda2): re-mounted bc65c439-8ea0-40b2-a086-8d01cedf9bbe r/w. Quota mode: none.
[    4.694349] kernel: ppdev: user-space parallel port driver
[    4.907877] systemd-journald[248]: Received client request to flush runtime journal.
[    4.932709] systemd-journald[248]: File /var/log/journal/12d44c2a354b40c3b9851acb4bacd592/system.journal corrupted or uncleanly shut down, renaming and replacing.
[    5.123083] kernel: loop0: detected capacity change from 0 to 8
[    5.147665] kernel: loop1: detected capacity change from 0 to 528456
[    5.164839] kernel: loop2: detected capacity change from 0 to 22800
[    5.169975] kernel: loop3: detected capacity change from 0 to 151328
[    5.192227] kernel: loop4: detected capacity change from 0 to 1056784
[    5.226384] kernel: loop5: detected capacity change from 0 to 187776
[    5.243092] kernel: loop6: detected capacity change from 0 to 22056
[    5.270730] kernel: loop7: detected capacity change from 0 to 1136
[    5.305886] kernel: loop8: detected capacity change from 0 to 91008
[    5.553882] kernel: audit: type=1400 audit(1746013766.441:2): apparmor="STATUS" operation="profile_load" profile="unconfined" name="1password" pid=347 comm="apparmor_parser"
[    5.563360] kernel: audit: type=1400 audit(1746013766.450:3): apparmor="STATUS" operation="profile_load" profile="unconfined" name="Discord" pid=349 comm="apparmor_parser"
[    5.571757] kernel: audit: type=1400 audit(1746013766.459:4): apparmor="STATUS" operation="profile_load" profile="unconfined" name=4D6F6E676F444220436F6D70617373 pid=350 comm="apparmor_parser"
[    5.581173] kernel: audit: type=1400 audit(1746013766.468:5): apparmor="STATUS" operation="profile_load" profile="unconfined" name="QtWebEngineProcess" pid=351 comm="apparmor_parser"
[    5.591199] kernel: audit: type=1400 audit(1746013766.479:6): apparmor="STATUS" operation="profile_load" profile="unconfined" name="balena-etcher" pid=352 comm="apparmor_parser"
[    5.598229] kernel: audit: type=1400 audit(1746013766.485:7): apparmor="STATUS" operation="profile_load" profile="unconfined" name="brave" pid=353 comm="apparmor_parser"
[    5.612506] kernel: audit: type=1400 audit(1746013766.500:8): apparmor="STATUS" operation="profile_load" profile="unconfined" name="buildah" pid=354 comm="apparmor_parser"
[    5.621424] kernel: audit: type=1400 audit(1746013766.508:9): apparmor="STATUS" operation="profile_load" profile="unconfined" name="busybox" pid=355 comm="apparmor_parser"
[    5.631969] kernel: audit: type=1400 audit(1746013766.519:10): apparmor="STATUS" operation="profile_load" profile="unconfined" name="cam" pid=356 comm="apparmor_parser"
[    5.645653] kernel: audit: type=1400 audit(1746013766.533:11): apparmor="STATUS" operation="profile_load" profile="unconfined" name="ch-checkns" pid=358 comm="apparmor_parser"
[    8.494708] kernel: vboxguest: host-version: 7.1.6r167084 0x8000000f
[    8.538768] kernel: piix4_smbus 0000:00:07.0: SMBus Host Controller at 0x4100, revision 0
[    8.763472] kernel: vbg_heartbeat_init: Setting up heartbeat to trigger every 2000 milliseconds
[    8.810185] kernel: input: VirtualBox mouse integration as /devices/pci0000:00/0000:00:04.0/input/input7
[    9.086012] kernel: RAPL PMU: API unit is 2^-32 Joules, 0 fixed counters, 10737418240 ms ovfl timer
[    9.614898] kernel: cryptd: max_cpu_qlen set to 1000
[   11.140263] kernel: kauditd_printk_skb: 141 callbacks suppressed
[   11.140268] kernel: audit: type=1400 audit(1746013772.028:153): apparmor="STATUS" operation="profile_replace" info="same as current profile, skipping" profile="unconfined" name="rsyslogd" pid=603 comm="apparmor_parser"
[   14.701158] kernel: NET: Registered PF_QIPCRTR protocol family
[   16.722752] kernel: snd_intel8x0 0000:00:05.0: allow list rate for 1028:0177 is 48000
[   17.609115] kernel: loop9: detected capacity change from 0 to 8
[   18.607045] kernel: e1000: enp0s3 NIC Link is Up 1000 Mbps Full Duplex, Flow Control: RX
[   19.633635] kernel: audit: type=1400 audit(1746013780.520:154): apparmor="DENIED" operation="capable" class="cap" profile="/usr/sbin/cupsd" pid=918 comm="cupsd" capability=12  capname="net_admin"
