[    0.000000] kernel: Linux version 6.11.0-24-generic (buildd@lcy02-amd64-034) (x86_64-linux-gnu-gcc-13 (Ubuntu 13.3.0-6ubuntu2~24.04) 13.3.0, GNU ld (GNU Binutils for Ubuntu) 2.42) #24~24.04.1-Ubuntu SMP PREEMPT_DYNAMIC Tue Mar 25 20:14:34 UTC 2 (Ubuntu 6.11.0-24.24~24.04.1-generic 6.11.11)
[    0.000000] kernel: Command line: BOOT_IMAGE=/boot/vmlinuz-6.11.0-24-generic root=UUID=bc65c439-8ea0-40b2-a086-8d01cedf9bbe ro quiet splash
[    0.000000] kernel: KERNEL supported cpus:
[    0.000000] kernel:   Intel GenuineIntel
[    0.000000] kernel:   AMD AuthenticAMD
[    0.000000] kernel:   Hygon HygonGenuine
[    0.000000] kernel:   Centaur CentaurHauls
[    0.000000] kernel:   zhaoxin   Shanghai  
[    0.000000] kernel: BIOS-provided physical RAM map:
[    0.000000] kernel: BIOS-e820: [mem 0x0000000000000000-0x000000000009fbff] usable
[    0.000000] kernel: BIOS-e820: [mem 0x000000000009fc00-0x000000000009ffff] reserved
[    0.000000] kernel: BIOS-e820: [mem 0x00000000000f0000-0x00000000000fffff] reserved
[    0.000000] kernel: BIOS-e820: [mem 0x0000000000100000-0x000000007ffeffff] usable
[    0.000000] kernel: BIOS-e820: [mem 0x000000007fff0000-0x000000007fffffff] ACPI data
[    0.000000] kernel: BIOS-e820: [mem 0x00000000fec00000-0x00000000fec00fff] reserved
[    0.000000] kernel: BIOS-e820: [mem 0x00000000fee00000-0x00000000fee00fff] reserved
[    0.000000] kernel: BIOS-e820: [mem 0x00000000fffc0000-0x00000000ffffffff] reserved
[    0.000000] kernel: NX (Execute Disable) protection: active
[    0.000000] kernel: APIC: Static calls initialized
[    0.000000] kernel: SMBIOS 2.5 present.
[    0.000000] kernel: DMI: innotek GmbH VirtualBox/VirtualBox, BIOS VirtualBox 12/01/2006
[    0.000000] kernel: DMI: Memory slots populated: 0/0
[    0.000000] kernel: Hypervisor detected: KVM
[    0.000000] kernel: kvm-clock: Using msrs 4b564d01 and 4b564d00
[    0.000003] kernel: kvm-clock: using sched offset of 8755376858 cycles
[    0.000006] kernel: clocksource: kvm-clock: mask: 0xffffffffffffffff max_cycles: 0x1cd42e4dffb, max_idle_ns: 881590591483 ns
[    0.000011] kernel: tsc: Detected 2688.000 MHz processor
[    0.002956] kernel: e820: update [mem 0x00000000-0x00000fff] usable ==> reserved
[    0.002961] kernel: e820: remove [mem 0x000a0000-0x000fffff] usable
[    0.002967] kernel: last_pfn = 0x80000 max_arch_pfn = 0x400000000
[    0.002994] kernel: MTRR map: 3 entries (3 fixed + 0 variable; max 19), built from 8 variable MTRRs
[    0.002997] kernel: x86/PAT: Configuration [0-7]: WB  WC  UC- UC  WB  WP  UC- WT  
[    0.003028] kernel: CPU MTRRs all blank - virtualized system.
[    0.029725] kernel: found SMP MP-table at [mem 0x0009fbf0-0x0009fbff]
[    0.029970] kernel: RAMDISK: [mem 0x2fd83000-0x33eb8fff]
[    0.030366] kernel: ACPI: Early table checksum verification disabled
[    0.030372] kernel: ACPI: RSDP 0x00000000000E0000 000024 (v02 VBOX  )
[    0.030378] kernel: ACPI: XSDT 0x000000007FFF0030 00003C (v01 VBOX   VBOXXSDT 00000001 ASL  00000061)
[    0.030386] kernel: ACPI: FACP 0x000000007FFF00F0 0000F4 (v04 VBOX   VBOXFACP 00000001 ASL  00000061)
[    0.030392] kernel: ACPI: DSDT 0x000000007FFF0610 002353 (v02 VBOX   VBOXBIOS 00000002 INTL 20100528)
[    0.030396] kernel: ACPI: FACS 0x000000007FFF0200 000040
[    0.030400] kernel: ACPI: FACS 0x000000007FFF0200 000040
[    0.030403] kernel: ACPI: APIC 0x000000007FFF0240 000054 (v02 VBOX   VBOXAPIC 00000001 ASL  00000061)
[    0.030407] kernel: ACPI: SSDT 0x000000007FFF02A0 00036C (v01 VBOX   VBOXCPUT 00000002 INTL 20100528)
[    0.030410] kernel: ACPI: Reserving FACP table memory at [mem 0x7fff00f0-0x7fff01e3]
[    0.030412] kernel: ACPI: Reserving DSDT table memory at [mem 0x7fff0610-0x7fff2962]
[    0.030413] kernel: ACPI: Reserving FACS table memory at [mem 0x7fff0200-0x7fff023f]
[    0.030414] kernel: ACPI: Reserving FACS table memory at [mem 0x7fff0200-0x7fff023f]
[    0.030414] kernel: ACPI: Reserving APIC table memory at [mem 0x7fff0240-0x7fff0293]
[    0.030415] kernel: ACPI: Reserving SSDT table memory at [mem 0x7fff02a0-0x7fff060b]
[    0.032177] kernel: No NUMA configuration found
[    0.032180] kernel: Faking a node at [mem 0x0000000000000000-0x000000007fffffff]
[    0.032192] kernel: NODE_DATA(0) allocated [mem 0x7ffc5000-0x7ffeffff]
[    0.032448] kernel: Zone ranges:
[    0.032450] kernel:   DMA      [mem 0x0000000000001000-0x0000000000ffffff]
[    0.032453] kernel:   DMA32    [mem 0x0000000001000000-0x000000007fffffff]
[    0.032455] kernel:   Normal   empty
[    0.032457] kernel:   Device   empty
[    0.032458] kernel: Movable zone start for each node
[    0.032461] kernel: Early memory node ranges
[    0.032462] kernel:   node   0: [mem 0x0000000000001000-0x000000000009efff]
[    0.032464] kernel:   node   0: [mem 0x0000000000100000-0x000000007ffeffff]
[    0.032466] kernel: Initmem setup node 0 [mem 0x0000000000001000-0x000000007ffeffff]
[    0.032473] kernel: On node 0, zone DMA: 1 pages in unavailable ranges
[    0.032500] kernel: On node 0, zone DMA: 97 pages in unavailable ranges
[    0.035753] kernel: On node 0, zone DMA32: 16 pages in unavailable ranges
[    0.039078] kernel: ACPI: PM-Timer IO Port: 0x4008
[    0.039622] kernel: IOAPIC[0]: apic_id 1, version 32, address 0xfec00000, GSI 0-23
[    0.039632] kernel: ACPI: INT_SRC_OVR (bus 0 bus_irq 0 global_irq 2 dfl dfl)
[    0.039636] kernel: ACPI: INT_SRC_OVR (bus 0 bus_irq 9 global_irq 9 low level)
[    0.039645] kernel: ACPI: Using ACPI (MADT) for SMP configuration information
[    0.039653] kernel: CPU topo: Max. logical packages:   1
[    0.039655] kernel: CPU topo: Max. logical dies:       1
[    0.039656] kernel: CPU topo: Max. dies per package:   1
[    0.039662] kernel: CPU topo: Max. threads per core:   1
[    0.039663] kernel: CPU topo: Num. cores per package:     1
[    0.039664] kernel: CPU topo: Num. threads per package:   1
[    0.039665] kernel: CPU topo: Allowing 1 present CPUs plus 0 hotplug CPUs
[    0.039889] kernel: PM: hibernation: Registered nosave memory: [mem 0x00000000-0x00000fff]
[    0.039893] kernel: PM: hibernation: Registered nosave memory: [mem 0x0009f000-0x0009ffff]
[    0.039894] kernel: PM: hibernation: Registered nosave memory: [mem 0x000a0000-0x000effff]
[    0.039895] kernel: PM: hibernation: Registered nosave memory: [mem 0x000f0000-0x000fffff]
[    0.039897] kernel: PM: hibernation: Registered nosave memory: [mem 0x7fff0000-0x7fffffff]
[    0.039899] kernel: [mem 0x80000000-0xfebfffff] available for PCI devices
[    0.039901] kernel: Booting paravirtualized kernel on KVM
[    0.039904] kernel: clocksource: refined-jiffies: mask: 0xffffffff max_cycles: 0xffffffff, max_idle_ns: 1910969940391419 ns
[    0.039912] kernel: setup_percpu: NR_CPUS:8192 nr_cpumask_bits:1 nr_cpu_ids:1 nr_node_ids:1
[    0.043396] kernel: percpu: Embedded 88 pages/cpu s237568 r8192 d114688 u2097152
[    0.043408] kernel: pcpu-alloc: s237568 r8192 d114688 u2097152 alloc=1*2097152
[    0.043411] kernel: pcpu-alloc: [0] 0 
[    0.043592] kernel: kvm-guest: PV spinlocks disabled, single CPU
[    0.043598] kernel: Kernel command line: BOOT_IMAGE=/boot/vmlinuz-6.11.0-24-generic root=UUID=bc65c439-8ea0-40b2-a086-8d01cedf9bbe ro quiet splash
[    0.043680] kernel: Unknown kernel command line parameters "splash BOOT_IMAGE=/boot/vmlinuz-6.11.0-24-generic", will be passed to user space.
[    0.043698] kernel: random: crng init done
[    0.052846] kernel: Dentry cache hash table entries: 262144 (order: 9, 2097152 bytes, linear)
[    0.053069] kernel: Inode-cache hash table entries: 131072 (order: 8, 1048576 bytes, linear)
[    0.053113] kernel: Fallback order for Node 0: 0 
[    0.053116] kernel: Built 1 zonelists, mobility grouping on.  Total pages: 524174
[    0.053118] kernel: Policy zone: DMA32
[    0.053126] kernel: mem auto-init: stack:all(zero), heap alloc:on, heap free:off
[    0.058464] kernel: SLUB: HWalign=64, Order=0-3, MinObjects=0, CPUs=1, Nodes=1
[    0.058526] kernel: ftrace: allocating 59224 entries in 232 pages
[    0.070591] kernel: ftrace: allocated 232 pages with 4 groups
[    0.071588] kernel: Dynamic Preempt: voluntary
[    0.071641] kernel: rcu: Preemptible hierarchical RCU implementation.
[    0.071642] kernel: rcu:         RCU restricting CPUs from NR_CPUS=8192 to nr_cpu_ids=1.
[    0.071643] kernel:         Trampoline variant of Tasks RCU enabled.
[    0.071644] kernel:         Rude variant of Tasks RCU enabled.
[    0.071645] kernel:         Tracing variant of Tasks RCU enabled.
[    0.071645] kernel: rcu: RCU calculated value of scheduler-enlistment delay is 100 jiffies.
[    0.071646] kernel: rcu: Adjusting geometry for rcu_fanout_leaf=16, nr_cpu_ids=1
[    0.071655] kernel: RCU Tasks: Setting shift to 0 and lim to 1 rcu_task_cb_adjust=1 rcu_task_cpu_ids=1.
[    0.071656] kernel: RCU Tasks Rude: Setting shift to 0 and lim to 1 rcu_task_cb_adjust=1 rcu_task_cpu_ids=1.
[    0.071657] kernel: RCU Tasks Trace: Setting shift to 0 and lim to 1 rcu_task_cb_adjust=1 rcu_task_cpu_ids=1.
[    0.074838] kernel: NR_IRQS: 524544, nr_irqs: 256, preallocated irqs: 16
[    0.075214] kernel: rcu: srcu_init: Setting srcu_struct sizes based on contention.
[    0.123218] kernel: Console: colour VGA+ 80x25
[    0.123225] kernel: printk: legacy console [tty0] enabled
[    0.123285] kernel: ACPI: Core revision 20240322
[    0.124806] kernel: APIC: Switch to symmetric I/O mode setup
[    0.139912] kernel: ..TIMER: vector=0x30 apic1=0 pin1=2 apic2=-1 pin2=-1
[    0.140512] kernel: clocksource: tsc-early: mask: 0xffffffffffffffff max_cycles: 0x26bef67878b, max_idle_ns: 440795293631 ns
[    0.140525] kernel: Calibrating delay loop (skipped) preset value.. 5376.00 BogoMIPS (lpj=2688000)
[    0.144519] kernel: Last level iTLB entries: 4KB 0, 2MB 0, 4MB 0
[    0.144519] kernel: Last level dTLB entries: 4KB 0, 2MB 0, 4MB 0, 1GB 0
[    0.144519] kernel: Spectre V1 : Mitigation: usercopy/swapgs barriers and __user pointer sanitization
[    0.144519] kernel: Spectre V2 : Spectre BHI mitigation: SW BHB clearing on syscall and VM exit
[    0.144519] kernel: Spectre V2 : Mitigation: Enhanced / Automatic IBRS
[    0.144519] kernel: Spectre V2 : Spectre v2 / SpectreRSB mitigation: Filling RSB on context switch
[    0.144519] kernel: Spectre V2 : Spectre v2 / PBRSB-eIBRS: Retire a single CALL on VMEXIT
[    0.144519] kernel: RETBleed: Mitigation: Enhanced IBRS
[    0.144519] kernel: Speculative Store Bypass: Vulnerable
[    0.144519] kernel: x86/fpu: x87 FPU will use FXSAVE
[    0.151519] kernel: Freeing SMP alternatives memory: 48K
[    0.151519] kernel: pid_max: default: 32768 minimum: 301
[    0.151519] kernel: LSM: initializing lsm=lockdown,capability,landlock,yama,apparmor,ima,evm
[    0.151519] kernel: landlock: Up and running.
[    0.151519] kernel: Yama: becoming mindful.
[    0.151519] kernel: AppArmor: AppArmor initialized
[    0.151519] kernel: Mount-cache hash table entries: 4096 (order: 3, 32768 bytes, linear)
[    0.151519] kernel: Mountpoint-cache hash table entries: 4096 (order: 3, 32768 bytes, linear)
[    0.253521] kernel: APIC calibration not consistent with PM-Timer: 129ms instead of 100ms
[    0.253528] kernel: APIC delta adjusted to PM-Timer: 6289977 (8166986)
[    0.254041] kernel: smpboot: CPU0: 11th Gen Intel(R) Core(TM) i5-11400H @ 2.70GHz (family: 0x6, model: 0x8d, stepping: 0x1)
[    0.254309] kernel: Performance Events: unsupported p6 CPU model 141 no PMU driver, software events only.
[    0.254334] kernel: signal: max sigframe size: 1440
[    0.254429] kernel: rcu: Hierarchical SRCU implementation.
[    0.254431] kernel: rcu:         Max phase no-delay instances is 400.
[    0.254519] kernel: NMI watchdog: Perf NMI watchdog permanently disabled
[    0.254519] kernel: smp: Bringing up secondary CPUs ...
[    0.254519] kernel: smp: Brought up 1 node, 1 CPU
[    0.254519] kernel: smpboot: Total of 1 processors activated (5376.00 BogoMIPS)
[    0.254519] kernel: Memory: 1934384K/2096696K available (22528K kernel code, 4520K rwdata, 14916K rodata, 5104K init, 4520K bss, 157100K reserved, 0K cma-reserved)
[    0.254519] kernel: devtmpfs: initialized
[    0.254519] kernel: x86/mm: Memory block size: 128MB
[    0.254519] kernel: clocksource: jiffies: mask: 0xffffffff max_cycles: 0xffffffff, max_idle_ns: 1911260446275000 ns
[    0.254519] kernel: futex hash table entries: 256 (order: 2, 16384 bytes, linear)
[    0.254519] kernel: pinctrl core: initialized pinctrl subsystem
[    0.254529] kernel: PM: RTC time: 06:05:59, date: 2025-04-30
[    0.255128] kernel: NET: Registered PF_NETLINK/PF_ROUTE protocol family
[    0.255246] kernel: DMA: preallocated 256 KiB GFP_KERNEL pool for atomic allocations
[    0.255271] kernel: DMA: preallocated 256 KiB GFP_KERNEL|GFP_DMA pool for atomic allocations
[    0.255293] kernel: DMA: preallocated 256 KiB GFP_KERNEL|GFP_DMA32 pool for atomic allocations
[    0.255308] kernel: audit: initializing netlink subsys (disabled)
[    0.255349] kernel: audit: type=2000 audit(1745993169.487:1): state=initialized audit_enabled=0 res=1
[    0.255479] kernel: thermal_sys: Registered thermal governor 'fair_share'
[    0.255481] kernel: thermal_sys: Registered thermal governor 'bang_bang'
[    0.255482] kernel: thermal_sys: Registered thermal governor 'step_wise'
[    0.255483] kernel: thermal_sys: Registered thermal governor 'user_space'
[    0.255484] kernel: thermal_sys: Registered thermal governor 'power_allocator'
[    0.255492] kernel: EISA bus registered
[    0.255500] kernel: cpuidle: using governor ladder
[    0.255503] kernel: cpuidle: using governor menu
[    0.255565] kernel: acpiphp: ACPI Hot Plug PCI Controller Driver version: 0.5
[    0.255990] kernel: PCI: Using configuration type 1 for base access
[    0.256120] kernel: kprobes: kprobe jump-optimization is enabled. All kprobes are optimized if possible.
[    0.261519] kernel: HugeTLB: registered 2.00 MiB page size, pre-allocated 0 pages
[    0.261519] kernel: HugeTLB: 28 KiB vmemmap can be freed for a 2.00 MiB page
[    0.261519] kernel: ACPI: Added _OSI(Module Device)
[    0.261519] kernel: ACPI: Added _OSI(Processor Device)
[    0.261519] kernel: ACPI: Added _OSI(3.0 _SCP Extensions)
[    0.261519] kernel: ACPI: Added _OSI(Processor Aggregator Device)
[    0.262519] kernel: ACPI: 2 ACPI AML tables successfully acquired and loaded
[    0.265847] kernel: ACPI: Interpreter enabled
[    0.265857] kernel: ACPI: PM: (supports S0 S5)
[    0.265859] kernel: ACPI: Using IOAPIC for interrupt routing
[    0.266644] kernel: PCI: Using host bridge windows from ACPI; if necessary, use "pci=nocrs" and report a bug
[    0.266646] kernel: PCI: Using E820 reservations for host bridge windows
[    0.266759] kernel: ACPI: Enabled 2 GPEs in block 00 to 07
[    0.281590] kernel: ACPI: PCI Root Bridge [PCI0] (domain 0000 [bus 00-ff])
[    0.281598] kernel: acpi PNP0A03:00: _OSC: OS supports [ASPM ClockPM Segments MSI EDR HPX-Type3]
[    0.281600] kernel: acpi PNP0A03:00: _OSC: not requesting OS control; OS requires [ExtendedConfig ASPM ClockPM MSI]
[    0.282751] kernel: acpi PNP0A03:00: fail to add MMCONFIG information, can't access extended configuration space under this bridge
[    0.283764] kernel: PCI host bridge to bus 0000:00
[    0.283767] kernel: pci_bus 0000:00: root bus resource [io  0x0000-0x0cf7 window]
[    0.283769] kernel: pci_bus 0000:00: root bus resource [io  0x0d00-0xffff window]
[    0.283771] kernel: pci_bus 0000:00: root bus resource [mem 0x000a0000-0x000bffff window]
[    0.283772] kernel: pci_bus 0000:00: root bus resource [mem 0x80000000-0xfdffffff window]
[    0.283774] kernel: pci_bus 0000:00: root bus resource [bus 00-ff]
[    0.284523] kernel: pci 0000:00:00.0: [8086:1237] type 00 class 0x060000 conventional PCI endpoint
[    0.286869] kernel: pci 0000:00:01.0: [8086:7000] type 00 class 0x060100 conventional PCI endpoint
[    0.289699] kernel: pci 0000:00:01.1: [8086:7111] type 00 class 0x01018a conventional PCI endpoint
[    0.291876] kernel: pci 0000:00:01.1: BAR 4 [io  0xd000-0xd00f]
[    0.292022] kernel: pci 0000:00:01.1: BAR 0 [io  0x01f0-0x01f7]: legacy IDE quirk
[    0.292024] kernel: pci 0000:00:01.1: BAR 1 [io  0x03f6]: legacy IDE quirk
[    0.292025] kernel: pci 0000:00:01.1: BAR 2 [io  0x0170-0x0177]: legacy IDE quirk
[    0.292026] kernel: pci 0000:00:01.1: BAR 3 [io  0x0376]: legacy IDE quirk
[    0.292995] kernel: pci 0000:00:02.0: [80ee:beef] type 00 class 0x030000 conventional PCI endpoint
[    0.296557] kernel: pci 0000:00:02.0: BAR 0 [mem 0xe0000000-0xe7ffffff pref]
[    0.296898] kernel: pci 0000:00:02.0: Video device with shadowed ROM at [mem 0x000c0000-0x000dffff]
[    0.297910] kernel: pci 0000:00:03.0: [8086:100e] type 00 class 0x020000 conventional PCI endpoint
[    0.299820] kernel: pci 0000:00:03.0: BAR 0 [mem 0xf0000000-0xf001ffff]
[    0.299876] kernel: pci 0000:00:03.0: BAR 2 [io  0xd010-0xd017]
[    0.302593] kernel: pci 0000:00:04.0: [80ee:cafe] type 00 class 0x088000 conventional PCI endpoint
[    0.305021] kernel: pci 0000:00:04.0: BAR 0 [io  0xd020-0xd03f]
[    0.305051] kernel: pci 0000:00:04.0: BAR 1 [mem 0xf0400000-0xf07fffff]
[    0.305079] kernel: pci 0000:00:04.0: BAR 2 [mem 0xf0800000-0xf0803fff pref]
[    0.306032] kernel: pci 0000:00:05.0: [8086:2415] type 00 class 0x040100 conventional PCI endpoint
[    0.307962] kernel: pci 0000:00:05.0: BAR 0 [io  0xd100-0xd1ff]
[    0.307991] kernel: pci 0000:00:05.0: BAR 1 [io  0xd200-0xd23f]
[    0.309039] kernel: pci 0000:00:06.0: [106b:003f] type 00 class 0x0c0310 conventional PCI endpoint
[    0.311731] kernel: pci 0000:00:06.0: BAR 0 [mem 0xf0804000-0xf0804fff]
[    0.313002] kernel: pci 0000:00:07.0: [8086:7113] type 00 class 0x068000 conventional PCI endpoint
[    0.315705] kernel: pci 0000:00:07.0: quirk: [io  0x4000-0x403f] claimed by PIIX4 ACPI
[    0.315744] kernel: pci 0000:00:07.0: quirk: [io  0x4100-0x410f] claimed by PIIX4 SMB
[    0.349030] kernel: pci 0000:00:0b.0: [8086:265c] type 00 class 0x0c0320 conventional PCI endpoint
[    0.350941] kernel: pci 0000:00:0b.0: BAR 0 [mem 0xf0805000-0xf0805fff]
[    0.361844] kernel: pci 0000:00:0d.0: [8086:2829] type 00 class 0x010601 conventional PCI endpoint
[    0.363737] kernel: pci 0000:00:0d.0: BAR 0 [io  0xd240-0xd247]
[    0.363766] kernel: pci 0000:00:0d.0: BAR 1 [io  0xd248-0xd24b]
[    0.363795] kernel: pci 0000:00:0d.0: BAR 2 [io  0xd250-0xd257]
[    0.363828] kernel: pci 0000:00:0d.0: BAR 3 [io  0xd258-0xd25b]
[    0.363865] kernel: pci 0000:00:0d.0: BAR 4 [io  0xd260-0xd26f]
[    0.363901] kernel: pci 0000:00:0d.0: BAR 5 [mem 0xf0806000-0xf0807fff]
[    0.499820] kernel: ACPI: PCI: Interrupt link LNKA configured for IRQ 11
[    0.500334] kernel: ACPI: PCI: Interrupt link LNKB configured for IRQ 10
[    0.500626] kernel: ACPI: PCI: Interrupt link LNKC configured for IRQ 9
[    0.500800] kernel: ACPI: PCI: Interrupt link LNKD configured for IRQ 11
[    0.501039] kernel: iommu: Default domain type: Translated
[    0.501041] kernel: iommu: DMA domain TLB invalidation policy: lazy mode
[    0.501168] kernel: SCSI subsystem initialized
[    0.501189] kernel: libata version 3.00 loaded.
[    0.501205] kernel: ACPI: bus type USB registered
[    0.501214] kernel: usbcore: registered new interface driver usbfs
[    0.501218] kernel: usbcore: registered new interface driver hub
[    0.501222] kernel: usbcore: registered new device driver usb
[    0.501236] kernel: pps_core: LinuxPPS API ver. 1 registered
[    0.501237] kernel: pps_core: Software ver. 5.3.6 - Copyright 2005-2007 Rodolfo Giometti <giometti@linux.it>
[    0.501239] kernel: PTP clock support registered
[    0.501275] kernel: EDAC MC: Ver: 3.0.0
[    0.502267] kernel: NetLabel: Initializing
[    0.502269] kernel: NetLabel:  domain hash size = 128
[    0.502270] kernel: NetLabel:  protocols = UNLABELED CIPSOv4 CALIPSO
[    0.502283] kernel: NetLabel:  unlabeled traffic allowed by default
[    0.502325] kernel: mctp: management component transport protocol core
[    0.502326] kernel: NET: Registered PF_MCTP protocol family
[    0.502332] kernel: PCI: Using ACPI for IRQ routing
[    0.502334] kernel: PCI: pci_cache_line_size set to 64 bytes
[    0.503062] kernel: e820: reserve RAM buffer [mem 0x0009fc00-0x0009ffff]
[    0.503065] kernel: e820: reserve RAM buffer [mem 0x7fff0000-0x7fffffff]
[    0.503121] kernel: pci 0000:00:02.0: vgaarb: setting as boot VGA device
[    0.503123] kernel: pci 0000:00:02.0: vgaarb: bridge control possible
[    0.503124] kernel: pci 0000:00:02.0: vgaarb: VGA device added: decodes=io+mem,owns=io+mem,locks=none
[    0.503126] kernel: vgaarb: loaded
[    0.503200] kernel: clocksource: Switched to clocksource kvm-clock
[    0.503519] kernel: VFS: Disk quotas dquot_6.6.0
[    0.503519] kernel: VFS: Dquot-cache hash table entries: 512 (order 0, 4096 bytes)
[    0.503519] kernel: AppArmor: AppArmor Filesystem Enabled
[    0.503519] kernel: pnp: PnP ACPI init
[    0.504974] kernel: pnp: PnP ACPI: found 2 devices
[    0.511813] kernel: clocksource: acpi_pm: mask: 0xffffff max_cycles: 0xffffff, max_idle_ns: 2085701024 ns
[    0.511868] kernel: NET: Registered PF_INET protocol family
[    0.511904] kernel: IP idents hash table entries: 32768 (order: 6, 262144 bytes, linear)
[    0.518196] kernel: tcp_listen_portaddr_hash hash table entries: 1024 (order: 2, 16384 bytes, linear)
[    0.518196] kernel: Table-perturb hash table entries: 65536 (order: 6, 262144 bytes, linear)
[    0.518196] kernel: TCP established hash table entries: 16384 (order: 5, 131072 bytes, linear)
[    0.518196] kernel: TCP bind hash table entries: 16384 (order: 7, 524288 bytes, linear)
[    0.518196] kernel: TCP: Hash tables configured (established 16384 bind 16384)
[    0.518196] kernel: MPTCP token hash table entries: 2048 (order: 3, 49152 bytes, linear)
[    0.518196] kernel: UDP hash table entries: 1024 (order: 3, 32768 bytes, linear)
[    0.518196] kernel: UDP-Lite hash table entries: 1024 (order: 3, 32768 bytes, linear)
[    0.518196] kernel: NET: Registered PF_UNIX/PF_LOCAL protocol family
[    0.518196] kernel: NET: Registered PF_XDP protocol family
[    0.518196] kernel: pci_bus 0000:00: resource 4 [io  0x0000-0x0cf7 window]
[    0.518196] kernel: pci_bus 0000:00: resource 5 [io  0x0d00-0xffff window]
[    0.518196] kernel: pci_bus 0000:00: resource 6 [mem 0x000a0000-0x000bffff window]
[    0.518196] kernel: pci_bus 0000:00: resource 7 [mem 0x80000000-0xfdffffff window]
[    0.526893] kernel: pci 0000:00:00.0: Limiting direct PCI/PCI transfers
[    0.565016] kernel: pci 0000:00:06.0: quirk_usb_early_handoff+0x0/0x190 took 36727 usecs
[    0.567393] kernel: PCI: CLS 0 bytes, default 64
[    0.567620] kernel: Trying to unpack rootfs image as initramfs...
[    0.581587] kernel: clocksource: tsc: mask: 0xffffffffffffffff max_cycles: 0x26bef67878b, max_idle_ns: 440795293631 ns
[    0.581601] kernel: clocksource: Switched to clocksource tsc
[    0.581635] kernel: platform rtc_cmos: registered platform RTC device (no PNP device found)
[    0.582100] kernel: Initialise system trusted keyrings
[    0.582108] kernel: Key type blacklist registered
[    0.582155] kernel: workingset: timestamp_bits=36 max_order=19 bucket_order=0
[    0.582155] kernel: zbud: loaded
[    0.582155] kernel: squashfs: version 4.0 (2009/01/31) Phillip Lougher
[    0.582155] kernel: fuse: init (API version 7.40)
[    0.582155] kernel: integrity: Platform Keyring initialized
[    0.582155] kernel: integrity: Machine keyring initialized
[    0.603330] kernel: Key type asymmetric registered
[    0.603334] kernel: Asymmetric key parser 'x509' registered
[    0.603410] kernel: Block layer SCSI generic (bsg) driver version 0.4 loaded (major 243)
[    0.603585] kernel: io scheduler mq-deadline registered
[    0.603840] kernel: shpchp: Standard Hot Plug PCI Controller Driver version: 0.4
[    0.604449] kernel: ACPI: AC: AC Adapter [AC] (off-line)
[    0.604591] kernel: input: Power Button as /devices/LNXSYSTM:00/LNXPWRBN:00/input/input0
[    0.605820] kernel: ACPI: button: Power Button [PWRF]
[    0.605905] kernel: input: Sleep Button as /devices/LNXSYSTM:00/LNXSLPBN:00/input/input1
[    0.606608] kernel: ACPI: button: Sleep Button [SLPF]
[    0.609141] kernel: ACPI: battery: Slot [BAT0] (battery present)
[    0.609302] kernel: Serial: 8250/16550 driver, 32 ports, IRQ sharing enabled
[    0.632270] kernel: Linux agpgart interface v0.103
[    0.654245] kernel: loop: module loaded
[    0.654245] kernel: ata_piix 0000:00:01.1: version 2.13
[    0.666213] kernel: scsi host0: ata_piix
[    0.666319] kernel: scsi host1: ata_piix
[    0.666319] kernel: ata1: PATA max UDMA/33 cmd 0x1f0 ctl 0x3f6 bmdma 0xd000 irq 14 lpm-pol 0
[    0.666319] kernel: ata2: PATA max UDMA/33 cmd 0x170 ctl 0x376 bmdma 0xd008 irq 15 lpm-pol 0
[    0.666319] kernel: ACPI: bus type drm_connector registered
[    0.666319] kernel: tun: Universal TUN/TAP device driver, 1.6
[    0.669052] kernel: PPP generic driver version 2.4.2
[    0.671574] kernel: ehci-pci 0000:00:0b.0: EHCI Host Controller
[    0.671580] kernel: ehci-pci 0000:00:0b.0: new USB bus registered, assigned bus number 1
[    0.686278] kernel: ehci-pci 0000:00:0b.0: irq 19, io mem 0xf0805000
[    0.694332] kernel: ehci-pci 0000:00:0b.0: USB 2.0 started, EHCI 1.00
[    0.694439] kernel: usb usb1: New USB device found, idVendor=1d6b, idProduct=0002, bcdDevice= 6.11
[    0.694443] kernel: usb usb1: New USB device strings: Mfr=3, Product=2, SerialNumber=1
[    0.694444] kernel: usb usb1: Product: EHCI Host Controller
[    0.694445] kernel: usb usb1: Manufacturer: Linux 6.11.0-24-generic ehci_hcd
[    0.694446] kernel: usb usb1: SerialNumber: 0000:00:0b.0
[    0.694610] kernel: hub 1-0:1.0: USB hub found
[    0.694617] kernel: hub 1-0:1.0: 12 ports detected
[    0.695689] kernel: ohci-pci 0000:00:06.0: OHCI PCI host controller
[    0.695695] kernel: ohci-pci 0000:00:06.0: new USB bus registered, assigned bus number 2
[    0.696342] kernel: ohci-pci 0000:00:06.0: irq 22, io mem 0xf0804000
[    0.767283] kernel: usb usb2: New USB device found, idVendor=1d6b, idProduct=0001, bcdDevice= 6.11
[    0.767288] kernel: usb usb2: New USB device strings: Mfr=3, Product=2, SerialNumber=1
[    0.767289] kernel: usb usb2: Product: OHCI PCI host controller
[    0.767291] kernel: usb usb2: Manufacturer: Linux 6.11.0-24-generic ohci_hcd
[    0.767292] kernel: usb usb2: SerialNumber: 0000:00:06.0
[    0.767442] kernel: hub 2-0:1.0: USB hub found
[    0.767511] kernel: hub 2-0:1.0: 12 ports detected
[    0.769250] kernel: i8042: PNP: PS/2 Controller [PNP0303:PS2K,PNP0f03:PS2M] at 0x60,0x64 irq 1,12
[    0.772781] kernel: serio: i8042 KBD port at 0x60,0x64 irq 1
[    0.772788] kernel: serio: i8042 AUX port at 0x60,0x64 irq 12
[    0.775773] kernel: mousedev: PS/2 mouse device common for all mice
[    0.778632] kernel: input: AT Translated Set 2 keyboard as /devices/platform/i8042/serio0/input/input2
[    0.780169] kernel: rtc_cmos rtc_cmos: registered as rtc0
[    0.786666] kernel: rtc_cmos rtc_cmos: setting system clock to 2025-04-30T06:05:59 UTC (1745993159)
[    0.787259] kernel: rtc_cmos rtc_cmos: alarms up to one day, 114 bytes nvram
[    0.787272] kernel: i2c_dev: i2c /dev entries driver
[    0.787290] kernel: device-mapper: core: CONFIG_IMA_DISABLE_HTABLE is disabled. Duplicate IMA measurements will not be recorded in the IMA log.
[    0.787342] kernel: device-mapper: uevent: version 1.0.3
[    0.787402] kernel: device-mapper: ioctl: 4.48.0-ioctl (2023-03-01) initialised: dm-devel@lists.linux.dev
[    0.787437] kernel: platform eisa.0: Probing EISA bus 0
[    0.787439] kernel: platform eisa.0: EISA: Cannot allocate resource for mainboard
[    0.787441] kernel: platform eisa.0: Cannot allocate resource for EISA slot 1
[    0.787442] kernel: platform eisa.0: Cannot allocate resource for EISA slot 2
[    0.787443] kernel: platform eisa.0: Cannot allocate resource for EISA slot 3
[    0.787444] kernel: platform eisa.0: Cannot allocate resource for EISA slot 4
[    0.787444] kernel: platform eisa.0: Cannot allocate resource for EISA slot 5
[    0.787445] kernel: platform eisa.0: Cannot allocate resource for EISA slot 6
[    0.787446] kernel: platform eisa.0: Cannot allocate resource for EISA slot 7
[    0.787447] kernel: platform eisa.0: Cannot allocate resource for EISA slot 8
[    0.787448] kernel: platform eisa.0: EISA: Detected 0 cards
[    0.787450] kernel: intel_pstate: CPU model not supported
[    0.787463] kernel: ledtrig-cpu: registered to indicate activity on CPUs
[    0.787533] kernel: drop_monitor: Initializing network drop monitor service
[    0.787733] kernel: NET: Registered PF_INET6 protocol family
[    0.875919] kernel: ata2.00: ATAPI: VBOX CD-ROM, 1.0, max UDMA/133
[    0.880735] kernel: scsi 1:0:0:0: CD-ROM            VBOX     CD-ROM           1.0  PQ: 0 ANSI: 5
[    0.883374] kernel: sr 1:0:0:0: [sr0] scsi3-mmc drive: 32x/32x xa/form2 tray
[    0.883378] kernel: cdrom: Uniform CD-ROM driver Revision: 3.20
[    0.920806] kernel: sr 1:0:0:0: Attached scsi CD-ROM sr0
[    0.922363] kernel: sr 1:0:0:0: Attached scsi generic sg0 type 5
[    1.057181] kernel: Freeing initrd memory: 66776K
[    1.078219] kernel: Segment Routing with IPv6
[    1.078219] kernel: In-situ OAM (IOAM) with IPv6
[    1.078219] kernel: NET: Registered PF_PACKET protocol family
[    1.078219] kernel: Key type dns_resolver registered
[    1.078999] kernel: IPI shorthand broadcast: enabled
[    1.079796] kernel: sched_clock: Marking stable (1014649114, 64147044)->(1118115905, -39319747)
[    1.080351] kernel: registered taskstats version 1
[    1.080570] kernel: Loading compiled-in X.509 certificates
[    1.081119] kernel: Loaded X.509 cert 'Build time autogenerated kernel key: f522ba7a60e7ef6cc5539b0741475d115bf36367'
[    1.081534] kernel: Loaded X.509 cert 'Canonical Ltd. Live Patch Signing: 14df34d1a87cf37625abec039ef2bf521249b969'
[    1.081898] kernel: Loaded X.509 cert 'Canonical Ltd. Kernel Module Signing: 88f752e560a1e0737e31163a466ad7b70a850c19'
[    1.081899] kernel: blacklist: Loading compiled-in revocation X.509 certificates
[    1.081913] kernel: Loaded X.509 cert 'Canonical Ltd. Secure Boot Signing: 61482aa2830d0ab2ad5af10b7250da9033ddcef0'
[    1.081923] kernel: Loaded X.509 cert 'Canonical Ltd. Secure Boot Signing (2017): 242ade75ac4a15e50d50c84b0d45ff3eae707a03'
[    1.081932] kernel: Loaded X.509 cert 'Canonical Ltd. Secure Boot Signing (ESM 2018): 365188c1d374d6b07c3c8f240f8ef722433d6a8b'
[    1.081942] kernel: Loaded X.509 cert 'Canonical Ltd. Secure Boot Signing (2019): c0746fd6c5da3ae827864651ad66ae47fe24b3e8'
[    1.081951] kernel: Loaded X.509 cert 'Canonical Ltd. Secure Boot Signing (2021 v1): a8d54bbb3825cfb94fa13c9f8a594a195c107b8d'
[    1.081961] kernel: Loaded X.509 cert 'Canonical Ltd. Secure Boot Signing (2021 v2): 4cf046892d6fd3c9a5b03f98d845f90851dc6a8c'
[    1.081972] kernel: Loaded X.509 cert 'Canonical Ltd. Secure Boot Signing (2021 v3): 100437bb6de6e469b581e61cd66bce3ef4ed53af'
[    1.081983] kernel: Loaded X.509 cert 'Canonical Ltd. Secure Boot Signing (Ubuntu Core 2019): c1d57b8f6b743f23ee41f4f7ee292f06eecadfb9'
[    1.089529] kernel: Demotion targets for Node 0: null
[    1.089719] kernel: Key type .fscrypt registered
[    1.089721] kernel: Key type fscrypt-provisioning registered
[    1.099208] kernel: usb 2-1: new full-speed USB device number 2 using ohci-pci
[    1.128799] kernel: Key type encrypted registered
[    1.128805] kernel: AppArmor: AppArmor sha256 policy hashing enabled
[    1.128815] kernel: ima: No TPM chip found, activating TPM-bypass!
[    1.128820] kernel: Loading compiled-in module X.509 certificates
[    1.129273] kernel: Loaded X.509 cert 'Build time autogenerated kernel key: f522ba7a60e7ef6cc5539b0741475d115bf36367'
[    1.129275] kernel: ima: Allocated hash algorithm: sha256
[    1.129285] kernel: ima: No architecture policies found
[    1.129296] kernel: evm: Initialising EVM extended attributes:
[    1.129297] kernel: evm: security.selinux
[    1.129298] kernel: evm: security.SMACK64
[    1.129298] kernel: evm: security.SMACK64EXEC
[    1.129299] kernel: evm: security.SMACK64TRANSMUTE
[    1.129299] kernel: evm: security.SMACK64MMAP
[    1.129300] kernel: evm: security.apparmor
[    1.129301] kernel: evm: security.ima
[    1.129301] kernel: evm: security.capability
[    1.129302] kernel: evm: HMAC attrs: 0x1
[    1.129544] kernel: PM:   Magic number: 5:390:65
[    1.132850] kernel: RAS: Correctable Errors collector initialized.
[    1.147181] kernel: clk: Disabling unused clocks
[    1.147184] kernel: PM: genpd: Disabling unused power domains
[    1.152007] kernel: Freeing unused decrypted memory: 2028K
[    1.152633] kernel: Freeing unused kernel image (initmem) memory: 5104K
[    1.152658] kernel: Write protecting the kernel read-only data: 38912k
[    1.153046] kernel: Freeing unused kernel image (rodata/data gap) memory: 1468K
[    1.180751] kernel: x86/mm: Checked W+X mappings: passed, no W+X pages found.
[    1.181563] kernel: Run /init as init process
[    1.181566] kernel:   with arguments:
[    1.181568] kernel:     /init
[    1.181569] kernel:     splash
[    1.181570] kernel:   with environment:
[    1.181571] kernel:     HOME=/
[    1.181572] kernel:     TERM=linux
[    1.181573] kernel:     BOOT_IMAGE=/boot/vmlinuz-6.11.0-24-generic
[    1.423659] kernel: usb 2-1: New USB device found, idVendor=80ee, idProduct=0021, bcdDevice= 1.00
[    1.423667] kernel: usb 2-1: New USB device strings: Mfr=1, Product=3, SerialNumber=0
[    1.423670] kernel: usb 2-1: Product: USB Tablet
[    1.423672] kernel: usb 2-1: Manufacturer: VirtualBox
[    1.454148] kernel: ACPI: video: Video Device [GFX0] (multi-head: yes  rom: no  post: no)
[    1.454218] kernel: input: Video Bus as /devices/LNXSYSTM:00/LNXSYBUS:00/PNP0A03:00/LNXVIDEO:00/input/input4
[    1.494325] kernel: ahci 0000:00:0d.0: version 3.0
[    1.544978] kernel: e1000: Intel(R) PRO/1000 Network Driver
[    1.544982] kernel: e1000: Copyright (c) 1999-2006 Intel Corporation.
[    1.553640] kernel: ahci 0000:00:0d.0: SSS flag set, parallel bus scan disabled
[    1.554567] kernel: ahci 0000:00:0d.0: AHCI vers 0001.0100, 32 command slots, 3 Gbps, SATA mode
[    1.554571] kernel: ahci 0000:00:0d.0: 1/1 ports implemented (port mask 0x1)
[    1.554573] kernel: ahci 0000:00:0d.0: flags: 64bit ncq stag only ccc 
[    1.564898] kernel: input: ImExPS/2 Generic Explorer Mouse as /devices/platform/i8042/serio1/input/input5
[    1.572210] kernel: scsi host2: ahci
[    1.572497] kernel: ata3: SATA max UDMA/133 abar m8192@0xf0806000 port 0xf0806100 irq 21 lpm-pol 0
[    1.575749] kernel: vboxvideo 0000:00:02.0: vgaarb: deactivate vga console
[    1.594554] kernel: hid: raw HID events driver (C) Jiri Kosina
[    1.595145] kernel: Console: switching to colour dummy device 80x25
[    1.596642] kernel: [drm] VRAM 08000000
[    1.609903] kernel: [drm] Initialized vboxvideo 1.0.0 for 0000:00:02.0 on minor 0
[    1.632733] kernel: fbcon: vboxvideodrmfb (fb0) is primary device
[    1.684888] kernel: vboxvideo 0000:00:02.0: [drm] drm_plane_enable_fb_damage_clips() not called
[    1.684909] kernel: Console: switching to colour frame buffer device 239x58
[    1.689603] kernel: vboxvideo 0000:00:02.0: [drm] fb0: vboxvideodrmfb frame buffer device
[    1.890118] kernel: ata3: SATA link up 3.0 Gbps (SStatus 123 SControl 300)
[    1.891481] kernel: ata3.00: ATA-6: VBOX HARDDISK, 1.0, max UDMA/133
[    1.891487] kernel: ata3.00: 52428800 sectors, multi 128: LBA48 NCQ (depth 32)
[    1.906168] kernel: ata3.00: configured for UDMA/133
[    1.906396] kernel: scsi 2:0:0:0: Direct-Access     ATA      VBOX HARDDISK    1.0  PQ: 0 ANSI: 5
[    1.906769] kernel: scsi 2:0:0:0: Attached scsi generic sg1 type 0
[    1.907124] kernel: sd 2:0:0:0: [sda] 52428800 512-byte logical blocks: (26.8 GB/25.0 GiB)
[    1.907135] kernel: sd 2:0:0:0: [sda] Write Protect is off
[    1.907139] kernel: sd 2:0:0:0: [sda] Mode Sense: 00 3a 00 00
[    1.907149] kernel: sd 2:0:0:0: [sda] Write cache: enabled, read cache: enabled, doesn't support DPO or FUA
[    1.907168] kernel: sd 2:0:0:0: [sda] Preferred minimum I/O size 512 bytes
[    1.989836] kernel:  sda: sda1 sda2
[    1.989993] kernel: sd 2:0:0:0: [sda] Attached SCSI disk
[    2.048512] kernel: usbcore: registered new interface driver usbhid
[    2.048517] kernel: usbhid: USB HID core driver
[    2.068831] kernel: input: VirtualBox USB Tablet as /devices/pci0000:00/0000:00:06.0/usb2/2-1/2-1:1.0/0003:80EE:0021.0001/input/input6
[    2.069014] kernel: hid-generic 0003:80EE:0021.0001: input,hidraw0: USB HID v1.10 Mouse [VirtualBox USB Tablet] on usb-0000:00:06.0-1/input0
[    2.444575] kernel: e1000 0000:00:03.0 eth0: (PCI:33MHz:32-bit) 08:00:27:bb:f5:cb
[    2.444586] kernel: e1000 0000:00:03.0 eth0: Intel(R) PRO/1000 Network Connection
[    2.445896] kernel: e1000 0000:00:03.0 enp0s3: renamed from eth0
[    4.280167] kernel: EXT4-fs (sda2): mounted filesystem bc65c439-8ea0-40b2-a086-8d01cedf9bbe ro with ordered data mode. Quota mode: none.
[    4.649285] systemd[1]: Inserted module 'autofs4'
[    4.703325] systemd[1]: systemd 255.4-1ubuntu8.5 running in system mode (+PAM +AUDIT +SELINUX +APPARMOR +IMA +SMACK +SECCOMP +GCRYPT -GNUTLS +OPENSSL +ACL +BLKID +CURL +ELFUTILS +FIDO2 +IDN2 -IDN +IPTC +KMOD +LIBCRYPTSETUP +LIBFDISK +PCRE2 -PWQUALITY +P11KIT +QRENCODE +TPM2 +BZIP2 +LZ4 +XZ +ZLIB +ZSTD -BPF_FRAMEWORK -XKBCOMMON +UTMP +SYSVINIT default-hierarchy=unified)
[    4.703333] systemd[1]: Detected virtualization oracle.
[    4.703643] systemd[1]: Detected architecture x86-64.
[    4.705172] systemd[1]: Invalid DMI field header.
[    4.713251] systemd[1]: Hostname set to <Ubuntu>.
[    6.155880] systemd[1]: Queued start job for default target graphical.target.
[    6.177483] systemd[1]: Created slice system-modprobe.slice - Slice /system/modprobe.
[    6.177718] systemd[1]: Created slice user.slice - User and Session Slice.
[    6.177771] systemd[1]: Started systemd-ask-password-wall.path - Forward Password Requests to Wall Directory Watch.
[    6.178001] systemd[1]: Set up automount proc-sys-fs-binfmt_misc.automount - Arbitrary Executable File Formats File System Automount Point.
[    6.178045] systemd[1]: Reached target integritysetup.target - Local Integrity Protected Volumes.
[    6.178070] systemd[1]: Reached target remote-fs.target - Remote File Systems.
[    6.178079] systemd[1]: Reached target slices.target - Slice Units.
[    6.178091] systemd[1]: Reached target snapd.mounts-pre.target - Mounting snaps.
[    6.178104] systemd[1]: Reached target swap.target - Swaps.
[    6.178118] systemd[1]: Reached target veritysetup.target - Local Verity Protected Volumes.
[    6.178325] systemd[1]: Listening on syslog.socket - Syslog Socket.
[    6.178396] systemd[1]: Listening on systemd-fsckd.socket - fsck to fsckd communication Socket.
[    6.178442] systemd[1]: Listening on systemd-initctl.socket - initctl Compatibility Named Pipe.
[    6.178634] systemd[1]: Listening on systemd-journald-dev-log.socket - Journal Socket (/dev/log).
[    6.178729] systemd[1]: Listening on systemd-journald.socket - Journal Socket.
[    6.178864] systemd[1]: Listening on systemd-oomd.socket - Userspace Out-Of-Memory (OOM) Killer Socket.
[    6.178878] systemd[1]: systemd-pcrextend.socket - TPM2 PCR Extension (Varlink) was skipped because of an unmet condition check (ConditionSecurity=measured-uki).
[    6.178974] systemd[1]: Listening on systemd-udevd-control.socket - udev Control Socket.
[    6.179051] systemd[1]: Listening on systemd-udevd-kernel.socket - udev Kernel Socket.
[    6.181666] systemd[1]: Mounting dev-hugepages.mount - Huge Pages File System...
[    6.182178] systemd[1]: Mounting dev-mqueue.mount - POSIX Message Queue File System...
[    6.201575] systemd[1]: Mounting sys-kernel-debug.mount - Kernel Debug File System...
[    6.205599] systemd[1]: Mounting sys-kernel-tracing.mount - Kernel Trace File System...
[    6.211621] systemd[1]: Starting systemd-journald.service - Journal Service...
[    6.220426] systemd[1]: Starting keyboard-setup.service - Set the console keyboard layout...
[    6.231399] systemd[1]: Starting kmod-static-nodes.service - Create List of Static Device Nodes...
[    6.245326] systemd[1]: Starting modprobe@configfs.service - Load Kernel Module configfs...
[    6.277539] systemd[1]: Starting modprobe@dm_mod.service - Load Kernel Module dm_mod...
[    6.301554] systemd[1]: Starting modprobe@drm.service - Load Kernel Module drm...
[    6.335222] systemd-journald[254]: Collecting audit messages is disabled.
[    6.379448] systemd[1]: Starting modprobe@efi_pstore.service - Load Kernel Module efi_pstore...
[    6.383467] systemd[1]: Starting modprobe@fuse.service - Load Kernel Module fuse...
[    6.401061] systemd[1]: Starting modprobe@loop.service - Load Kernel Module loop...
[    6.401267] systemd[1]: systemd-fsck-root.service - File System Check on Root Device was skipped because of an unmet condition check (ConditionPathExists=!/run/initramfs/fsck-root).
[    6.434450] systemd[1]: Starting systemd-modules-load.service - Load Kernel Modules...
[    6.434487] systemd[1]: systemd-pcrmachine.service - TPM2 PCR Machine ID Measurement was skipped because of an unmet condition check (ConditionSecurity=measured-uki).
[    6.448027] systemd[1]: Starting systemd-remount-fs.service - Remount Root and Kernel File Systems...
[    6.448096] systemd[1]: systemd-tpm2-setup-early.service - TPM2 SRK Setup (Early) was skipped because of an unmet condition check (ConditionSecurity=measured-uki).
[    6.506334] systemd[1]: Starting systemd-udev-trigger.service - Coldplug All udev Devices...
[    6.507379] systemd[1]: Started systemd-journald.service - Journal Service.
[    6.611508] kernel: EXT4-fs (sda2): re-mounted bc65c439-8ea0-40b2-a086-8d01cedf9bbe r/w. Quota mode: none.
[    6.661839] kernel: lp: driver loaded but no devices found
[    6.687625] kernel: ppdev: user-space parallel port driver
[    6.930875] systemd-journald[254]: Received client request to flush runtime journal.
[    7.353652] kernel: loop0: detected capacity change from 0 to 151328
[    7.394861] kernel: loop1: detected capacity change from 0 to 8
[    7.447811] kernel: loop2: detected capacity change from 0 to 528456
[    7.540414] kernel: loop3: detected capacity change from 0 to 1056784
[    7.560741] kernel: loop4: detected capacity change from 0 to 22800
[    7.614613] kernel: loop5: detected capacity change from 0 to 187776
[    7.646369] kernel: loop6: detected capacity change from 0 to 91008
[    7.652048] kernel: loop7: detected capacity change from 0 to 22056
[    7.724167] kernel: loop8: detected capacity change from 0 to 1136
[    8.313610] kernel: audit: type=1400 audit(1745993167.032:2): apparmor="STATUS" operation="profile_load" profile="unconfined" name="1password" pid=356 comm="apparmor_parser"
[    8.354792] kernel: audit: type=1400 audit(1745993167.070:3): apparmor="STATUS" operation="profile_load" profile="unconfined" name="Discord" pid=359 comm="apparmor_parser"
[    8.387248] kernel: audit: type=1400 audit(1745993167.105:4): apparmor="STATUS" operation="profile_load" profile="unconfined" name=4D6F6E676F444220436F6D70617373 pid=360 comm="apparmor_parser"
[    8.411859] kernel: audit: type=1400 audit(1745993167.130:5): apparmor="STATUS" operation="profile_load" profile="unconfined" name="QtWebEngineProcess" pid=365 comm="apparmor_parser"
[    8.429273] kernel: audit: type=1400 audit(1745993167.148:6): apparmor="STATUS" operation="profile_load" profile="unconfined" name="balena-etcher" pid=368 comm="apparmor_parser"
[    8.468215] kernel: audit: type=1400 audit(1745993167.179:7): apparmor="STATUS" operation="profile_load" profile="unconfined" name="brave" pid=372 comm="apparmor_parser"
[    8.474604] kernel: audit: type=1400 audit(1745993167.191:8): apparmor="STATUS" operation="profile_load" profile="unconfined" name="buildah" pid=373 comm="apparmor_parser"
[    8.487272] kernel: audit: type=1400 audit(1745993167.205:9): apparmor="STATUS" operation="profile_load" profile="unconfined" name="busybox" pid=376 comm="apparmor_parser"
[    8.525007] kernel: audit: type=1400 audit(1745993167.243:10): apparmor="STATUS" operation="profile_load" profile="unconfined" name="cam" pid=378 comm="apparmor_parser"
[    8.579388] kernel: audit: type=1400 audit(1745993167.298:11): apparmor="STATUS" operation="profile_load" profile="unconfined" name="ch-checkns" pid=380 comm="apparmor_parser"
[   12.127440] kernel: piix4_smbus 0000:00:07.0: SMBus Host Controller at 0x4100, revision 0
[   12.228759] kernel: vboxguest: host-version: 7.1.6r167084 0x8000000f
[   12.323150] kernel: vbg_heartbeat_init: Setting up heartbeat to trigger every 2000 milliseconds
[   12.436470] kernel: input: VirtualBox mouse integration as /devices/pci0000:00/0000:00:04.0/input/input7
[   12.503342] kernel: RAPL PMU: API unit is 2^-32 Joules, 0 fixed counters, 10737418240 ms ovfl timer
[   12.610359] kernel: cryptd: max_cpu_qlen set to 1000
[   15.512831] kernel: snd_intel8x0 0000:00:05.0: allow list rate for 1028:0177 is 48000
[   18.513374] kernel: kauditd_printk_skb: 95 callbacks suppressed
[   18.513380] kernel: audit: type=1400 audit(1745993177.228:107): apparmor="STATUS" operation="profile_load" profile="unconfined" name="/usr/bin/evince" pid=544 comm="apparmor_parser"
[   18.516796] kernel: audit: type=1400 audit(1745993177.235:108): apparmor="STATUS" operation="profile_load" profile="unconfined" name="/usr/bin/evince//sanitized_helper" pid=544 comm="apparmor_parser"
[   18.519796] kernel: audit: type=1400 audit(1745993177.238:109): apparmor="STATUS" operation="profile_load" profile="unconfined" name="/usr/bin/evince//snap_browsers" pid=544 comm="apparmor_parser"
[   18.525181] kernel: audit: type=1400 audit(1745993177.242:110): apparmor="STATUS" operation="profile_load" profile="unconfined" name="/usr/bin/evince-previewer" pid=544 comm="apparmor_parser"
[   18.526762] kernel: audit: type=1400 audit(1745993177.245:111): apparmor="STATUS" operation="profile_load" profile="unconfined" name="/usr/bin/evince-previewer//sanitized_helper" pid=544 comm="apparmor_parser"
[   18.531359] kernel: audit: type=1400 audit(1745993177.249:112): apparmor="STATUS" operation="profile_load" profile="unconfined" name="/usr/bin/evince-thumbnailer" pid=544 comm="apparmor_parser"
[   18.587406] kernel: audit: type=1400 audit(1745993177.306:113): apparmor="STATUS" operation="profile_load" profile="unconfined" name="/usr/bin/man" pid=678 comm="apparmor_parser"
[   18.588592] kernel: audit: type=1400 audit(1745993177.307:114): apparmor="STATUS" operation="profile_load" profile="unconfined" name="man_filter" pid=678 comm="apparmor_parser"
[   18.589646] kernel: audit: type=1400 audit(1745993177.308:115): apparmor="STATUS" operation="profile_load" profile="unconfined" name="man_groff" pid=678 comm="apparmor_parser"
[   18.736057] kernel: audit: type=1400 audit(1745993177.454:116): apparmor="STATUS" operation="profile_load" profile="unconfined" name="tcpdump" pid=679 comm="apparmor_parser"
[   24.681451] kernel: kauditd_printk_skb: 21 callbacks suppressed
[   24.681455] kernel: audit: type=1400 audit(1745993183.397:138): apparmor="STATUS" operation="profile_load" profile="unconfined" name="snap.firefox.firefox" pid=707 comm="apparmor_parser"
[   25.868513] kernel: audit: type=1400 audit(1745993184.587:139): apparmor="STATUS" operation="profile_load" profile="unconfined" name="snap.firefox.geckodriver" pid=708 comm="apparmor_parser"
[   26.155864] kernel: audit: type=1400 audit(1745993184.873:140): apparmor="STATUS" operation="profile_load" profile="unconfined" name="snap.firefox.hook.configure" pid=709 comm="apparmor_parser"
[   26.317173] kernel: audit: type=1400 audit(1745993185.035:141): apparmor="STATUS" operation="profile_load" profile="unconfined" name="snap.firefox.hook.disconnect-plug-host-hunspell" pid=710 comm="apparmor_parser"
[   26.503405] kernel: audit: type=1400 audit(1745993185.221:142): apparmor="STATUS" operation="profile_load" profile="unconfined" name="snap.firefox.hook.install" pid=711 comm="apparmor_parser"
[   26.702579] kernel: audit: type=1400 audit(1745993185.421:143): apparmor="STATUS" operation="profile_load" profile="unconfined" name="snap.firefox.hook.post-refresh" pid=712 comm="apparmor_parser"
[   27.306307] kernel: audit: type=1400 audit(1745993186.024:144): apparmor="STATUS" operation="profile_load" profile="unconfined" name="snap.firmware-updater.firmware-notifier" pid=713 comm="apparmor_parser"
[   27.898648] kernel: audit: type=1400 audit(1745993186.613:145): apparmor="STATUS" operation="profile_load" profile="unconfined" name="snap.firmware-updater.firmware-updater" pid=714 comm="apparmor_parser"
[   28.523427] kernel: audit: type=1400 audit(1745993187.241:146): apparmor="STATUS" operation="profile_load" profile="unconfined" name="snap.firmware-updater.firmware-updater-app" pid=715 comm="apparmor_parser"
[   28.876814] kernel: audit: type=1400 audit(1745993187.594:147): apparmor="STATUS" operation="profile_load" profile="unconfined" name="snap.firmware-updater.hook.configure" pid=716 comm="apparmor_parser"
[   29.799841] kernel: kauditd_printk_skb: 1 callbacks suppressed
[   29.799844] kernel: audit: type=1400 audit(1745993188.518:149): apparmor="STATUS" operation="profile_load" profile="unconfined" name="snap.snap-store.show-updates" pid=718 comm="apparmor_parser"
[   30.554576] kernel: audit: type=1400 audit(1745993189.271:150): apparmor="STATUS" operation="profile_load" profile="unconfined" name="snap.snap-store.snap-store" pid=719 comm="apparmor_parser"
[   30.886391] kernel: audit: type=1400 audit(1745993189.605:151): apparmor="STATUS" operation="profile_load" profile="unconfined" name="snap.snapd-desktop-integration.hook.configure" pid=720 comm="apparmor_parser"
[   31.566505] kernel: audit: type=1400 audit(1745993190.285:152): apparmor="STATUS" operation="profile_load" profile="unconfined" name="snap.snapd-desktop-integration.snapd-desktop-integration" pid=721 comm="apparmor_parser"
[   33.020405] kernel: audit: type=1400 audit(1745993191.731:153): apparmor="STATUS" operation="profile_replace" info="same as current profile, skipping" profile="unconfined" name="rsyslogd" pid=765 comm="apparmor_parser"
